Archive member included because of file (symbol)

c:/apps/yagarto/bin/../lib/gcc/arm-elf/4.4.2/../../../../arm-elf/lib/thumb/thumb2\libc.a(lib_a-fopen.o)
                              ./src/application/app.o (fopen)
c:/apps/yagarto/bin/../lib/gcc/arm-elf/4.4.2/../../../../arm-elf/lib/thumb/thumb2\libc.a(lib_a-fprintf.o)
                              ./src/application/app.o (fprintf)
c:/apps/yagarto/bin/../lib/gcc/arm-elf/4.4.2/../../../../arm-elf/lib/thumb/thumb2\libc.a(lib_a-fseek.o)
                              c:/apps/yagarto/bin/../lib/gcc/arm-elf/4.4.2/../../../../arm-elf/lib/thumb/thumb2\libc.a(lib_a-fopen.o) (_fseek_r)
c:/apps/yagarto/bin/../lib/gcc/arm-elf/4.4.2/../../../../arm-elf/lib/thumb/thumb2\libc.a(lib_a-fstatr.o)
                              c:/apps/yagarto/bin/../lib/gcc/arm-elf/4.4.2/../../../../arm-elf/lib/thumb/thumb2\libc.a(lib_a-fseek.o) (_fstat_r)
c:/apps/yagarto/bin/../lib/gcc/arm-elf/4.4.2/../../../../arm-elf/lib/thumb/thumb2\libc.a(lib_a-fwrite.o)
                              ./src/application/app.o (fwrite)
c:/apps/yagarto/bin/../lib/gcc/arm-elf/4.4.2/../../../../arm-elf/lib/thumb/thumb2\libc.a(lib_a-impure.o)
                              c:/apps/yagarto/bin/../lib/gcc/arm-elf/4.4.2/../../../../arm-elf/lib/thumb/thumb2\libc.a(lib_a-fopen.o) (_impure_ptr)
c:/apps/yagarto/bin/../lib/gcc/arm-elf/4.4.2/../../../../arm-elf/lib/thumb/thumb2\libc.a(lib_a-makebuf.o)
                              c:/apps/yagarto/bin/../lib/gcc/arm-elf/4.4.2/../../../../arm-elf/lib/thumb/thumb2\libc.a(lib_a-fseek.o) (__smakebuf_r)
c:/apps/yagarto/bin/../lib/gcc/arm-elf/4.4.2/../../../../arm-elf/lib/thumb/thumb2\libc.a(lib_a-mallocr.o)
                              c:/apps/yagarto/bin/../lib/gcc/arm-elf/4.4.2/../../../../arm-elf/lib/thumb/thumb2\libc.a(lib_a-makebuf.o) (_malloc_r)
c:/apps/yagarto/bin/../lib/gcc/arm-elf/4.4.2/../../../../arm-elf/lib/thumb/thumb2\libc.a(lib_a-memset.o)
                              c:/apps/yagarto/bin/../lib/gcc/arm-elf/4.4.2/../../../../arm-elf/lib/thumb/thumb2\libc.a(lib_a-fseek.o) (memset)
c:/apps/yagarto/bin/../lib/gcc/arm-elf/4.4.2/../../../../arm-elf/lib/thumb/thumb2\libc.a(lib_a-mlock.o)
                              c:/apps/yagarto/bin/../lib/gcc/arm-elf/4.4.2/../../../../arm-elf/lib/thumb/thumb2\libc.a(lib_a-mallocr.o) (__malloc_lock)
c:/apps/yagarto/bin/../lib/gcc/arm-elf/4.4.2/../../../../arm-elf/lib/thumb/thumb2\libc.a(lib_a-openr.o)
                              c:/apps/yagarto/bin/../lib/gcc/arm-elf/4.4.2/../../../../arm-elf/lib/thumb/thumb2\libc.a(lib_a-fopen.o) (_open_r)
c:/apps/yagarto/bin/../lib/gcc/arm-elf/4.4.2/../../../../arm-elf/lib/thumb/thumb2\libc.a(lib_a-rand.o)
                              ./src/sram/fsmc_sram.o (rand)
c:/apps/yagarto/bin/../lib/gcc/arm-elf/4.4.2/../../../../arm-elf/lib/thumb/thumb2\libc.a(lib_a-reent.o)
                              c:/apps/yagarto/bin/../lib/gcc/arm-elf/4.4.2/../../../../arm-elf/lib/thumb/thumb2\libc.a(lib_a-fstatr.o) (errno)
c:/apps/yagarto/bin/../lib/gcc/arm-elf/4.4.2/../../../../arm-elf/lib/thumb/thumb2\libc.a(lib_a-refill.o)
                              c:/apps/yagarto/bin/../lib/gcc/arm-elf/4.4.2/../../../../arm-elf/lib/thumb/thumb2\libc.a(lib_a-fseek.o) (__srefill_r)
c:/apps/yagarto/bin/../lib/gcc/arm-elf/4.4.2/../../../../arm-elf/lib/thumb/thumb2\libc.a(lib_a-sbrkr.o)
                              c:/apps/yagarto/bin/../lib/gcc/arm-elf/4.4.2/../../../../arm-elf/lib/thumb/thumb2\libc.a(lib_a-mallocr.o) (_sbrk_r)
c:/apps/yagarto/bin/../lib/gcc/arm-elf/4.4.2/../../../../arm-elf/lib/thumb/thumb2\libc.a(lib_a-stdio.o)
                              c:/apps/yagarto/bin/../lib/gcc/arm-elf/4.4.2/../../../../arm-elf/lib/thumb/thumb2\libc.a(lib_a-fopen.o) (__sclose)
c:/apps/yagarto/bin/../lib/gcc/arm-elf/4.4.2/../../../../arm-elf/lib/thumb/thumb2\libc.a(lib_a-strcmp.o)
                              ./src/bsp/stm32f10x_syscall.o (strcmp)
c:/apps/yagarto/bin/../lib/gcc/arm-elf/4.4.2/../../../../arm-elf/lib/thumb/thumb2\libc.a(lib_a-vfprintf.o)
                              c:/apps/yagarto/bin/../lib/gcc/arm-elf/4.4.2/../../../../arm-elf/lib/thumb/thumb2\libc.a(lib_a-fprintf.o) (_vfprintf_r)
c:/apps/yagarto/bin/../lib/gcc/arm-elf/4.4.2/../../../../arm-elf/lib/thumb/thumb2\libc.a(lib_a-writer.o)
                              c:/apps/yagarto/bin/../lib/gcc/arm-elf/4.4.2/../../../../arm-elf/lib/thumb/thumb2\libc.a(lib_a-stdio.o) (_write_r)
c:/apps/yagarto/bin/../lib/gcc/arm-elf/4.4.2/../../../../arm-elf/lib/thumb/thumb2\libc.a(lib_a-wsetup.o)
                              c:/apps/yagarto/bin/../lib/gcc/arm-elf/4.4.2/../../../../arm-elf/lib/thumb/thumb2\libc.a(lib_a-vfprintf.o) (__swsetup_r)
c:/apps/yagarto/bin/../lib/gcc/arm-elf/4.4.2/../../../../arm-elf/lib/thumb/thumb2\libc.a(lib_a-closer.o)
                              c:/apps/yagarto/bin/../lib/gcc/arm-elf/4.4.2/../../../../arm-elf/lib/thumb/thumb2\libc.a(lib_a-stdio.o) (_close_r)
[...]
Memory Configuration

Name             Origin             Length             Attributes
FLASH            0x00000000         0x00080000         xr
SRAM             0x20000000         0x00010000         xrw
SRAM_EXT         0x60000000         0x00400000         xrw
*default*        0x00000000         0xffffffff

Linker script and memory map

LOAD ./lib/./STM32F10x_StdPeriph_Driver/src/misc.o
LOAD ./lib/./STM32F10x_StdPeriph_Driver/src/stm32f10x_dbgmcu.o
LOAD ./lib/./STM32F10x_StdPeriph_Driver/src/stm32f10x_flash.o
LOAD ./lib/./STM32F10x_StdPeriph_Driver/src/stm32f10x_gpio.o
LOAD ./lib/./STM32F10x_StdPeriph_Driver/src/stm32f10x_rcc.o
LOAD ./lib/./STM32F10x_StdPeriph_Driver/src/stm32f10x_sdio.o
LOAD ./lib/./STM32F10x_StdPeriph_Driver/src/stm32f10x_usart.o
LOAD ./lib/./STM32F10x_StdPeriph_Driver/src/stm32f10x_i2c.o
LOAD ./lib/./STM32F10x_StdPeriph_Driver/src/stm32f10x_dma.o
LOAD ./lib/./STM32F10x_StdPeriph_Driver/src/stm32f10x_adc.o
LOAD ./lib/./STM32F10x_StdPeriph_Driver/src/stm32f10x_dac.o
LOAD ./lib/./STM32F10x_StdPeriph_Driver/src/stm32f10x_tim.o
LOAD ./lib/./STM32F10x_StdPeriph_Driver/src/stm32f10x_fsmc.o
LOAD ./lib/./STM32F10x_StdPeriph_Driver/src/stm32f10x_exti.o
LOAD ./lib/./STM32F10x_StdPeriph_Driver/src/stm32f10x_bkp.o
LOAD ./lib/./STM32F10x_StdPeriph_Driver/src/stm32f10x_pwr.o
LOAD ./lib/./uC-CPU/Cortex-M3/GCC/cpu_c.o
LOAD ./lib/./uCOS-II/Ports/ARM-Cortex-M3/Generic/GCC/os_cpu_c.o
LOAD ./lib/./uCOS-II/Ports/ARM-Cortex-M3/Generic/GCC/os_dbg.o
LOAD ./lib/./uCOS-II/Source/os_core.o
LOAD ./lib/./uCOS-II/Source/os_flag.o
LOAD ./lib/./uCOS-II/Source/os_mbox.o
LOAD ./lib/./uCOS-II/Source/os_mem.o
LOAD ./lib/./uCOS-II/Source/os_mutex.o
LOAD ./lib/./uCOS-II/Source/os_q.o
LOAD ./lib/./uCOS-II/Source/os_sem.o
LOAD ./lib/./uCOS-II/Source/os_task.o
LOAD ./lib/./uCOS-II/Source/os_time.o
LOAD ./lib/./uCOS-II/Source/os_tmr.o
LOAD ./lib/./STM32_USB-FS-Device_Driver/src/usb_core.o
LOAD ./lib/./STM32_USB-FS-Device_Driver/src/usb_init.o
LOAD ./lib/./STM32_USB-FS-Device_Driver/src/usb_int.o
LOAD ./lib/./STM32_USB-FS-Device_Driver/src/usb_mem.o
LOAD ./lib/./STM32_USB-FS-Device_Driver/src/usb_regs.o
LOAD ./lib/./STM32_USB-FS-Device_Driver/src/usb_sil.o
LOAD ./src/application/app.o
LOAD ./src/bsp/bsp.o
LOAD ./src/bsp/bsp_globals.o
LOAD ./src/bsp/bsp_utils.o
LOAD ./src/bsp/app_int.o
LOAD ./src/bsp/app_vect.o
LOAD ./src/bsp/stm32f10x_startup.o
LOAD ./src/bsp/stm32f10x_syscall.o
LOAD ./src/bsp/sdcard.o
LOAD ./src/usb/usb_desc.o
LOAD ./src/usb/usb_endp.o
LOAD ./src/usb/usb_istr.o
LOAD ./src/usb/usb_prop.o
LOAD ./src/usb/usb_pwr.o
LOAD ./src/usb/hw_config.o
LOAD ./src/sram/fsmc_sram.o
LOAD ./lib/./uC-CPU/Cortex-M3/GCC/cpu_a.o
LOAD ./lib/./uCOS-II/Ports/ARM-Cortex-M3/Generic/GCC/os_cpu_a.o
START GROUP
LOAD c:/apps/yagarto/bin/../lib/gcc/arm-elf/4.4.2/thumb/thumb2\libgcc.a
LOAD c:/apps/yagarto/bin/../lib/gcc/arm-elf/4.4.2/../../../../arm-elf/lib/thumb/thumb2\libc.a
END GROUP
                0x00004000                STACK_SIZE = 0x4000

.text           0x00000000    0x1f0b4
                0x00000000                _vectors = .
                [0x00000000]                PROVIDE (_vectors, _vectors)
 *(.isr_vector)
 .isr_vector    0x00000000      0x130 ./src/bsp/app_vect.o
                0x00000000                g_pfnVectors
                0x00000130                _evectors = .
                [0x00000130]                PROVIDE (_evectors, _evectors)
                0x00000130                _text = .
                [0x00000130]                PROVIDE (_text, _text)
 *(.text*)
 .text          0x00000130      0x1e8 ./lib/./STM32F10x_StdPeriph_Driver/src/misc.o
                0x00000158                NVIC_Init
                0x00000244                NVIC_SetVectorTable
                0x000002cc                SysTick_CLKSourceConfig
                0x00000274                NVIC_SystemLPConfig
                0x00000130                NVIC_PriorityGroupConfig
 .text          0x00000318       0x90 ./lib/./STM32F10x_StdPeriph_Driver/src/stm32f10x_dbgmcu.o
                0x00000318                DBGMCU_GetREVID
                0x00000354                DBGMCU_Config
                0x00000334                DBGMCU_GetDEVID
 .text          0x000003a8      0xb74 ./lib/./STM32F10x_StdPeriph_Driver/src/stm32f10x_flash.o
                0x00000474                FLASH_Unlock
                0x00000cbc                FLASH_GetWriteProtectionOptionByte
                0x00000a88                FLASH_ReadOutProtection
                0x00000728                FLASH_ProgramWord
                0x00000800                FLASH_ProgramHalfWord
                0x000004c8                FLASH_ErasePage
                0x000003ec                FLASH_HalfCycleAccessCmd
                0x00000da4                FLASH_GetFlagStatus
                0x00000d10                FLASH_GetPrefetchBufferStatus
                0x00000564                FLASH_EraseAllPages
                0x00000ca0                FLASH_GetUserOptionByte
                0x00000bd8                FLASH_UserOptionByteConfig
                0x00000d4c                FLASH_ITConfig
                0x000004a4                FLASH_Lock
                0x000005f0                FLASH_EraseOptionBytes
                0x00000430                FLASH_PrefetchBufferCmd
                0x00000e30                FLASH_GetStatus
                0x00000e10                FLASH_ClearFlag
                0x00000ea0                FLASH_WaitForLastOperation
                0x00000880                FLASH_ProgramOptionByteData
                0x000003a8                FLASH_SetLatency
                0x00000cd4                FLASH_GetReadOutProtectionStatus
                0x00000924                FLASH_EnableWriteProtection
 .text          0x00000f1c      0x6fc ./lib/./STM32F10x_StdPeriph_Driver/src/stm32f10x_gpio.o
                0x000013c4                GPIO_EventOutputConfig
                0x000012a8                GPIO_ReadOutputDataBit
                0x00001424                GPIO_EventOutputCmd
                0x00001444                GPIO_PinRemapConfig
                0x00001064                GPIO_Init
                0x00001044                GPIO_AFIODeInit
                0x00001364                GPIO_Write
                0x000012e4                GPIO_ReadOutputData
                0x0000128c                GPIO_ReadInputData
                0x00001300                GPIO_SetBits
                0x00001338                GPIO_WriteBit
                0x000015f8                GPIO_ETH_MediaInterfaceConfig
                0x0000131c                GPIO_ResetBits
                0x00001540                GPIO_EXTILineConfig
                0x00000f1c                GPIO_DeInit
                0x00001224                GPIO_StructInit
                0x00001380                GPIO_PinLockConfig
                0x00001250                GPIO_ReadInputDataBit
 .text          0x00001618      0x9f4 ./lib/./STM32F10x_StdPeriph_Driver/src/stm32f10x_rcc.o
                0x000017e4                RCC_HSICmd
                0x00001850                RCC_PLLCmd
                0x00001fec                RCC_ClearITPendingBit
                0x00001ed8                RCC_MCOConfig
                0x000019a0                RCC_ITConfig
                0x00001870                RCC_SYSCLKConfig
                0x00001738                RCC_WaitForHSEStartUp
                0x00001e98                RCC_BackupResetCmd
                0x00001eb8                RCC_ClockSecuritySystemCmd
                0x00001f88                RCC_ClearFlag
                0x000016b4                RCC_HSEConfig
                0x00001d48                RCC_APB2PeriphClockCmd
                0x00001804                RCC_PLLConfig
                0x00001a20                RCC_ADCCLKConfig
                0x00001a64                RCC_LSEConfig
                0x00001b0c                RCC_RTCCLKCmd
                0x00001d9c                RCC_APB1PeriphClockCmd
                0x00001fac                RCC_GetITStatus
                0x00001cf4                RCC_AHBPeriphClockCmd
                0x00001ef8                RCC_GetFlagStatus
                0x000018b4                RCC_GetSYSCLKSource
                0x00001b2c                RCC_GetClocksFreq
                0x00001ae0                RCC_RTCCLKConfig
                0x0000179c                RCC_AdjustHSICalibrationValue
                0x00001914                RCC_PCLK1Config
                0x00001a00                RCC_USBCLKConfig
                0x00001958                RCC_PCLK2Config
                0x00001618                RCC_DeInit
                0x00001e44                RCC_APB1PeriphResetCmd
                0x00001ac0                RCC_LSICmd
                0x00001df0                RCC_APB2PeriphResetCmd
                0x000018d0                RCC_HCLKConfig
 .text          0x0000200c      0x618 ./lib/./STM32F10x_StdPeriph_Driver/src/stm32f10x_sdio.o
                0x00002478                SDIO_StopSDIOReadWait
                0x000025a4                SDIO_ClearFlag
                0x000024f8                SDIO_CommandCompletionCmd
                0x00002170                SDIO_SetPowerState
                0x000021d0                SDIO_ITConfig
                0x000024b8                SDIO_SetSDIOOperation
                0x00002564                SDIO_GetFlagStatus
                0x000022f0                SDIO_GetCommandResponse
                0x000023f0                SDIO_GetDataCounter
                0x00002440                SDIO_GetFIFOCount
                0x00002150                SDIO_ClockCmd
                0x000024d8                SDIO_SendSDIOSuspendCmd
                0x00002458                SDIO_StartSDIOReadWait
                0x00002334                SDIO_DataConfig
                0x000025c4                SDIO_GetITStatus
                0x00002498                SDIO_SetSDIOReadWaitMode
                0x00002518                SDIO_CEATAITCmd
                0x00002544                SDIO_SendCEATACmd
                0x0000210c                SDIO_StructInit
                0x00002244                SDIO_SendCommand
                0x00002604                SDIO_ClearITPendingBit
                0x00002408                SDIO_ReadData
                0x00002224                SDIO_DMACmd
                0x000022b4                SDIO_CmdStructInit
                0x00002308                SDIO_GetResponse
                0x000023ac                SDIO_DataStructInit
                0x00002098                SDIO_Init
                0x000021b4                SDIO_GetPowerState
                0x00002420                SDIO_WriteData
                0x0000200c                SDIO_DeInit
 .text          0x00002624      0x968 ./lib/./STM32F10x_StdPeriph_Driver/src/stm32f10x_usart.o
                0x00002c40                USART_SetGuardTime
                0x00002cb4                USART_SmartCardCmd
                0x00002e18                USART_GetFlagStatus
                0x00002a78                USART_SetAddress
                0x00002c7c                USART_SetPrescaler
                0x00002bf8                USART_ReceiveData
                0x00002940                USART_Cmd
                0x00002dd0                USART_IrDACmd
                0x00002f48                USART_ClearITPendingBit
                0x00002e7c                USART_GetITStatus
                0x00002b48                USART_LINBreakDetectLengthConfig
                0x000026fc                USART_Init
                0x00002d44                USART_HalfDuplexCmd
                0x00002988                USART_ITConfig
                0x00002d8c                USART_IrDAConfig
                0x00002624                USART_DeInit
                0x000028a8                USART_ClockInit
                0x00002c1c                USART_SendBreak
                0x00002e58                USART_ClearFlag
                0x00002abc                USART_WakeUpConfig
                0x00002bd4                USART_SendData
                0x00002b00                USART_ReceiverWakeUpCmd
                0x00002864                USART_StructInit
                0x00002cfc                USART_SmartCardNACKCmd
                0x00002b8c                USART_LINCmd
                0x0000290c                USART_ClockStructInit
                0x00002a2c                USART_DMACmd
 .text          0x00002f8c      0xa38 ./lib/./STM32F10x_StdPeriph_Driver/src/stm32f10x_i2c.o
                0x000035e8                I2C_TransmitPEC
                0x000034d4                I2C_ReceiveData
                0x000037c4                I2C_GetLastEvent
                0x000036e8                I2C_ARPCmd
                0x00003394                I2C_OwnAddress2Config
                0x0000346c                I2C_ITConfig
                0x0000322c                I2C_DMACmd
                0x00003630                I2C_PECPositionConfig
                0x0000367c                I2C_CalculatePEC
                0x000034b8                I2C_SendData
                0x00002fdc                I2C_Init
                0x000032bc                I2C_GenerateSTART
                0x000031a0                I2C_StructInit
                0x00003880                I2C_GetFlagStatus
                0x00003274                I2C_DMALastTransferCmd
                0x0000359c                I2C_SMBusAlertConfig
                0x00002f8c                I2C_DeInit
                0x000031e4                I2C_Cmd
                0x000038fc                I2C_ClearFlag
                0x000034f0                I2C_Send7bitAddress
                0x00003778                I2C_FastModeDutyCycleConfig
                0x00003424                I2C_GeneralCallCmd
                0x00003558                I2C_SoftwareResetCmd
                0x0000392c                I2C_GetITStatus
                0x00003730                I2C_StretchClockCmd
                0x00003528                I2C_ReadRegister
                0x000036c4                I2C_GetPEC
                0x000033dc                I2C_DualAddressCmd
                0x0000334c                I2C_AcknowledgeConfig
                0x00003814                I2C_CheckEvent
                0x00003304                I2C_GenerateSTOP
                0x00003994                I2C_ClearITPendingBit
 .text          0x000039c4      0x4d8 ./lib/./STM32F10x_StdPeriph_Driver/src/stm32f10x_dma.o
                0x00003cdc                DMA_Cmd
                0x00003e04                DMA_GetITStatus
                0x00003be0                DMA_Init
                0x00003d50                DMA_GetCurrDataCounter
                0x00003e64                DMA_ClearITPendingBit
                0x00003c70                DMA_StructInit
                0x00003d6c                DMA_GetFlagStatus
                0x00003d10                DMA_ITConfig
                0x00003dcc                DMA_ClearFlag
                0x000039c4                DMA_DeInit
 .text          0x00003e9c      0xb38 ./lib/./STM32F10x_StdPeriph_Driver/src/stm32f10x_adc.o
                0x0000405c                ADC_DMACmd
                0x00004134                ADC_StartCalibration
                0x0000493c                ADC_GetITStatus
                0x000048e0                ADC_GetFlagStatus
                0x00004448                ADC_ExternalTrigConvCmd
                0x000044e4                ADC_InjectedDiscModeCmd
                0x00004028                ADC_Cmd
                0x00004858                ADC_AnalogWatchdogSingleChannelConfig
                0x000041f8                ADC_DiscModeChannelCountConfig
                0x000049a4                ADC_ClearITPendingBit
                0x000040dc                ADC_ResetCalibration
                0x000047f4                ADC_AnalogWatchdogCmd
                0x000045f0                ADC_InjectedChannelConfig
                0x00004278                ADC_RegularChannelConfig
                0x0000447c                ADC_GetConversionValue
                0x00004830                ADC_AnalogWatchdogThresholdsConfig
                0x00004154                ADC_GetCalibrationStatus
                0x0000418c                ADC_SoftwareStartConvCmd
                0x000040fc                ADC_GetResetCalibrationStatus
                0x00004518                ADC_ExternalTrigInjectedConvConfig
                0x000044b0                ADC_AutoInjectedConvCmd
                0x00004584                ADC_SoftwareStartInjectedConvCmd
                0x000041c0                ADC_GetSoftwareStartConvStatus
                0x00004498                ADC_GetDualModeConversionValue
                0x00004740                ADC_InjectedSequencerLengthConfig
                0x00003fe4                ADC_StructInit
                0x00004090                ADC_ITConfig
                0x0000491c                ADC_ClearFlag
                0x00003e9c                ADC_DeInit
                0x00004550                ADC_ExternalTrigInjectedConvCmd
                0x00003f24                ADC_Init
                0x0000478c                ADC_SetInjectedOffset
                0x00004894                ADC_TempSensorVrefintCmd
                0x000047c0                ADC_GetInjectedConversionValue
                0x00004244                ADC_DiscModeCmd
                0x000045b8                ADC_GetSoftwareStartInjectedConvCmdStatus
 .text          0x000049d4      0x3c8 ./lib/./STM32F10x_StdPeriph_Driver/src/stm32f10x_dac.o
                0x00004c24                DAC_WaveGenerationCmd
                0x00004b6c                DAC_SoftwareTriggerCmd
                0x00004bd8                DAC_DualSoftwareTriggerCmd
                0x00004cf8                DAC_SetDualChannelData
                0x000049d4                DAC_DeInit
                0x00004c88                DAC_SetChannel1Data
                0x00004cc0                DAC_SetChannel2Data
                0x00004a70                DAC_StructInit
                0x00004b08                DAC_DMACmd
                0x00004d60                DAC_GetDataOutputValue
                0x00004aa4                DAC_Cmd
                0x000049f4                DAC_Init
 .text          0x00004d9c     0x1de4 ./lib/./STM32F10x_StdPeriph_Driver/src/stm32f10x_tim.o
                0x000055d8                TIM_TimeBaseStructInit
                0x00005b70                TIM_ForcedOC2Config
                0x000065c0                TIM_SetCompare2
                0x00005c74                TIM_SelectCOM
                0x000061f4                TIM_CCxCmd
                0x000066e8                TIM_SetIC4Prescaler
                0x00005d04                TIM_CCPreloadControl
                0x00005d4c                TIM_OC1PreloadConfig
                0x0000596c                TIM_ETRClockMode2Config
                0x00006078                TIM_OC1NPolarityConfig
                0x00005b34                TIM_ForcedOC1Config
                0x00005818                TIM_DMACmd
                0x00005918                TIM_ETRClockMode1Config
                0x000066a4                TIM_SetIC3Prescaler
                0x00005fbc                TIM_ClearOC3Ref
                0x00005738                TIM_CtrlPWMOutputs
                0x000056f0                TIM_Cmd
                0x00005e04                TIM_OC4PreloadConfig
                0x00006850                TIM_ClearFlag
                0x000068d8                TIM_ClearITPendingBit
                0x000067d8                TIM_GetCounter
                0x000067a0                TIM_GetCapture3
                0x00006768                TIM_GetCapture1
                0x000051c8                TIM_OC3Init
                0x00004d9c                TIM_DeInit
                0x00006810                TIM_GetFlagStatus
                0x00005ec0                TIM_OC3FastConfig
                0x00005cbc                TIM_SelectCCDMA
                0x00006730                TIM_SetClockDivision
                0x00004f64                TIM_OC1Init
                0x00005dc8                TIM_OC3PreloadConfig
                0x00006588                TIM_SetAutoreload
                0x00005c2c                TIM_ARRPreloadConfig
                0x00006874                TIM_GetITStatus
                0x000062b4                TIM_SelectOCxM
                0x00005e44                TIM_OC1FastConfig
                0x00005d88                TIM_OC2PreloadConfig
                0x00005a60                TIM_SelectInputTrigger
                0x00005784                TIM_ITConfig
                0x00005080                TIM_OC2Init
                0x000059f4                TIM_PrescalerConfig
                0x000061b4                TIM_OC4PolarityConfig
                0x000064a0                TIM_SelectOutputTrigger
                0x000065dc                TIM_SetCompare3
                0x00005308                TIM_OC4Init
                0x00006414                TIM_SelectHallSensor
                0x00006618                TIM_SetIC1Prescaler
                0x00005bec                TIM_ForcedOC4Config
                0x00005890                TIM_ITRxExternalClockConfig
                0x00006134                TIM_OC3PolarityConfig
                0x00005864                TIM_InternalClockConfig
                0x0000603c                TIM_OC1PolarityConfig
                0x00005e80                TIM_OC2FastConfig
                0x0000656c                TIM_SetCounter
                0x000065f8                TIM_SetCompare4
                0x00006784                TIM_GetCapture2
                0x000067f4                TIM_GetPrescaler
                0x00005f78                TIM_ClearOC2Ref
                0x000053f8                TIM_ICInit
                0x00005668                TIM_ICStructInit
                0x000054b0                TIM_PWMIConfig
                0x000060f4                TIM_OC2NPolarityConfig
                0x00005f3c                TIM_ClearOC1Ref
                0x000063cc                TIM_UpdateRequestConfig
                0x00005bb0                TIM_ForcedOC3Config
                0x000058c0                TIM_TIxExternalClockConfig
                0x000056a4                TIM_BDTRStructInit
                0x00005614                TIM_OCStructInit
                0x00006174                TIM_OC3NPolarityConfig
                0x00006254                TIM_CCxNCmd
                0x00006528                TIM_SelectMasterSlaveMode
                0x000067bc                TIM_GetCapture4
                0x00004ee4                TIM_TimeBaseInit
                0x000057ec                TIM_DMAConfig
                0x000057d0                TIM_GenerateEvent
                0x0000557c                TIM_BDTRConfig
                0x0000665c                TIM_SetIC2Prescaler
                0x000059a0                TIM_ETRConfig
                0x000064e4                TIM_SelectSlaveMode
                0x00005ff8                TIM_ClearOC4Ref
                0x0000645c                TIM_SelectOnePulseMode
                0x00005a9c                TIM_EncoderInterfaceConfig
                0x000065a4                TIM_SetCompare1
                0x000060b4                TIM_OC2PolarityConfig
                0x00006384                TIM_UpdateDisableConfig
                0x00005efc                TIM_OC4FastConfig
                0x00005a1c                TIM_CounterModeConfig
 .text          0x00006b80      0xc0c ./lib/./STM32F10x_StdPeriph_Driver/src/stm32f10x_fsmc.o
                0x0000744c                FSMC_GetECC
                0x00006c68                FSMC_PCCARDDeInit
                0x0000735c                FSMC_PCCARDCmd
                0x0000726c                FSMC_NORSRAMCmd
                0x00006b80                FSMC_NORSRAMDeInit
                0x00007668                FSMC_GetITStatus
                0x000071c8                FSMC_PCCARDStructInit
                0x0000712c                FSMC_NANDStructInit
                0x000072c0                FSMC_NANDCmd
                0x00007574                FSMC_GetFlagStatus
                0x00007488                FSMC_ITConfig
                0x00007700                FSMC_ClearITPendingBit
                0x00006cb8                FSMC_NORSRAMInit
                0x00006e2c                FSMC_NANDInit
                0x000073b0                FSMC_NANDECCCmd
                0x00006f40                FSMC_PCCARDInit
                0x00006bdc                FSMC_NANDDeInit
                0x0000702c                FSMC_NORSRAMStructInit
                0x000075e8                FSMC_ClearFlag
 .text          0x0000778c      0x2dc ./lib/./STM32F10x_StdPeriph_Driver/src/stm32f10x_exti.o
                0x0000778c                EXTI_DeInit
                0x00007a48                EXTI_ClearITPendingBit
                0x0000798c                EXTI_GetFlagStatus
                0x00007960                EXTI_GenerateSWInterrupt
                0x000079cc                EXTI_ClearFlag
                0x000077e0                EXTI_Init
                0x000079ec                EXTI_GetITStatus
                0x0000792c                EXTI_StructInit
 .text          0x00007a68      0x1ec ./lib/./STM32F10x_StdPeriph_Driver/src/stm32f10x_bkp.o
                0x00007ae0                BKP_RTCOutputConfig
                0x00007b68                BKP_WriteBackupRegister
                0x00007bec                BKP_ClearFlag
                0x00007aa0                BKP_TamperPinCmd
                0x00007a68                BKP_DeInit
                0x00007c14                BKP_GetITStatus
                0x00007c2c                BKP_ClearITPendingBit
                0x00007ba0                BKP_ReadBackupRegister
                0x00007b24                BKP_SetRTCCalibrationValue
                0x00007bd4                BKP_GetFlagStatus
                0x00007a80                BKP_TamperPinLevelConfig
                0x00007ac0                BKP_ITConfig
 .text          0x00007c54      0x20c ./lib/./STM32F10x_StdPeriph_Driver/src/stm32f10x_pwr.o
                0x00007d9c                PWR_EnterSTANDBYMode
                0x00007d10                PWR_WakeUpPinCmd
                0x00007c8c                PWR_BackupAccessCmd
                0x00007d30                PWR_EnterSTOPMode
                0x00007c6c                PWR_DeInit
                0x00007df0                PWR_GetFlagStatus
                0x00007ccc                PWR_PVDLevelConfig
                0x00007e30                PWR_ClearFlag
                0x00007cac                PWR_PVDCmd
 .text          0x00007e60      0x834 ./lib/./uC-CPU/Cortex-M3/GCC/cpu_c.o
                0x00007fe8                CPU_IntSrcEn
                0x00007e60                CPU_IntSrcDis
                0x00008170                CPU_IntSrcPrioSet
                0x00008450                CPU_IntSrcPrioGet
 .text          0x00008694      0x284 ./lib/./uCOS-II/Ports/ARM-Cortex-M3/Generic/GCC/os_cpu_c.o
                0x000086b8                OSTaskCreateHook
                0x000086ec                OSTaskStatHook
                0x00008694                OSInitHookBegin
                0x000088b0                OS_CPU_SysTickInit
                0x000086cc                OSTaskDelHook
                0x0000882c                OSTimeTickHook
                0x00008818                OSTCBInitHook
                0x000086f8                OSTaskStkInit
                0x00008870                OS_CPU_SysTickHandler
                0x000086ac                OSInitHookEnd
                0x0000880c                OSTaskSwHook
                0x000086e0                OSTaskIdleHook
 .text          0x00008918        0xc ./lib/./uCOS-II/Ports/ARM-Cortex-M3/Generic/GCC/os_dbg.o
                0x00008918                OSDebugInit
 .text          0x00008924     0x178c ./lib/./uCOS-II/Source/os_core.o
                0x00008a30                OSEventPendMulti
                0x00008ea0                OSIntEnter
                0x00009e84                OS_TCBInit
                0x00009668                OS_EventTaskRemove
                0x00008924                OSEventNameGet
                0x00008ee0                OSIntExit
                0x00009b30                OS_MemCopy
                0x00009b70                OS_Sched
                0x000096d4                OS_EventTaskRemoveMulti
                0x00009538                OS_EventTaskWaitMulti
                0x00009d38                OS_TaskStat
                0x00009af8                OS_MemClr
                0x00009330                OS_EventTaskRdy
                0x00009028                OSSchedUnlock
                0x00009120                OSStatInit
                0x00009324                OS_Dummy
                0x000089a0                OSEventNameSet
                0x00009438                OS_EventTaskWait
                0x00009e14                OS_TaskStatStkChk
                0x000090b8                OSStart
                0x00009190                OSTimeTick
                0x00008fc0                OSSchedLock
                0x00009c74                OS_StrCopy
                0x00008e64                OSInit
                0x00009cc4                OS_StrLen
                0x00009314                OSVersion
                0x00009768                OS_EventWaitListInit
                0x00009cfc                OS_TaskIdle
 .text          0x0000a0b0      0xe0c ./lib/./uCOS-II/Source/os_flag.o
                0x0000a938                OSFlagPendGetFlagsRdy
                0x0000a0b0                OSFlagAccept
                0x0000ae58                OS_FlagUnlink
                0x0000acfc                OS_FlagInit
                0x0000ab6c                OSFlagQuery
                0x0000a96c                OSFlagPost
                0x0000a270                OSFlagCreate
                0x0000a320                OSFlagDel
                0x0000a59c                OSFlagPend
                0x0000a50c                OSFlagNameSet
                0x0000a48c                OSFlagNameGet
 .text          0x0000aebc      0x674 ./lib/./uCOS-II/Source/os_mbox.o
                0x0000b4a8                OSMboxQuery
                0x0000b378                OSMboxPost
                0x0000b2bc                OSMboxPendAbort
                0x0000af00                OSMboxCreate
                0x0000b10c                OSMboxPend
                0x0000aebc                OSMboxAccept
                0x0000b3f4                OSMboxPostOpt
                0x0000afa0                OSMboxDel
 .text          0x0000b530      0x388 ./lib/./uCOS-II/Source/os_mem.o
                0x0000b814                OS_MemInit
                0x0000b674                OSMemNameGet
                0x0000b60c                OSMemGet
                0x0000b750                OSMemPut
                0x0000b530                OSMemCreate
                0x0000b7b0                OSMemQuery
                0x0000b6d8                OSMemNameSet
 .text          0x0000b8b8      0xb1c ./lib/./uCOS-II/Source/os_mutex.o
                0x0000b8b8                OSMutexAccept
                0x0000bc98                OSMutexPend
                0x0000bab4                OSMutexDel
                0x0000b9a4                OSMutexCreate
                0x0000c1d8                OSMutexQuery
                0x0000c094                OSMutexPost
 .text          0x0000c3d4      0xa08 ./lib/./uCOS-II/Source/os_q.o
                0x0000c748                OSQFlush
                0x0000c3d4                OSQAccept
                0x0000ca28                OSQPost
                0x0000c790                OSQPend
                0x0000cadc                OSQPostFront
                0x0000c46c                OSQCreate
                0x0000cb94                OSQPostOpt
                0x0000c59c                OSQDel
                0x0000c96c                OSQPendAbort
                0x0000cd64                OS_QInit
                0x0000ccb0                OSQQuery
 .text          0x0000cddc      0x610 ./lib/./uCOS-II/Source/os_sem.o
                0x0000d03c                OSSemPend
                0x0000cddc                OSSemAccept
                0x0000d1b4                OSSemPendAbort
                0x0000d270                OSSemPost
                0x0000ce2c                OSSemCreate
                0x0000d2f8                OSSemQuery
                0x0000d380                OSSemSet
                0x0000ced0                OSSemDel
 .text          0x0000d3ec      0xd8c ./lib/./uCOS-II/Source/os_task.o
                0x0000d7d8                OSTaskCreateExt
                0x0000d6e8                OSTaskCreate
                0x0000d3ec                OSTaskChangePrio
                0x0000d8d4                OSTaskDel
                0x0000dca4                OSTaskNameSet
                0x0000db44                OSTaskDelReq
                0x0000dd70                OSTaskResume
                0x0000dbe4                OSTaskNameGet
                0x0000de84                OSTaskStkChk
                0x0000e0a0                OSTaskQuery
                0x0000e128                OS_TaskStkClr
                0x0000df74                OSTaskSuspend
 .text          0x0000e178      0x31c ./lib/./uCOS-II/Source/os_time.o
                0x0000e464                OSTimeSet
                0x0000e178                OSTimeDly
                0x0000e250                OSTimeDlyHMSM
                0x0000e308                OSTimeDlyResume
                0x0000e430                OSTimeGet
 .text          0x0000e494      0xb60 ./lib/./uCOS-II/Source/os_tmr.o
                0x0000ea40                OSTmrSignal
                0x0000e570                OSTmrDel
                0x0000e6d8                OSTmrRemainGet
                0x0000e7e0                OSTmrStateGet
                0x0000eba0                OSTmr_Init
                0x0000e854                OSTmrStart
                0x0000e920                OSTmrStop
                0x0000e494                OSTmrCreate
                0x0000e634                OSTmrNameGet
 .text          0x0000eff4     0x1494 ./lib/./STM32_USB-FS-Device_Driver/src/usb_core.o
                0x0000f5d4                Standard_SetEndPointFeature
                0x0000f72c                Standard_SetDeviceFeature
                0x0000f390                Standard_ClearFeature
                0x00010120                Setup0_Process
                0x0000f040                Standard_SetConfiguration
                0x0000f1cc                Standard_GetStatus
                0x0001047c                NOP_Process
                0x0000f100                Standard_SetInterface
                0x0000eff4                Standard_GetConfiguration
                0x000103e8                SetDeviceAddress
                0x00010240                In0_Process
                0x0000f0b4                Standard_GetInterface
                0x0000f768                Standard_GetDescriptorData
                0x000102fc                Out0_Process
                0x00010388                Post0_Process
 .text          0x00010488       0x5c ./lib/./STM32_USB-FS-Device_Driver/src/usb_init.o
                0x00010488                USB_Init
 .text          0x000104e4      0x5ac ./lib/./STM32_USB-FS-Device_Driver/src/usb_int.o
                0x000104e4                CTR_LP
                0x00010938                CTR_HP
 .text          0x00010a90       0xf8 ./lib/./STM32_USB-FS-Device_Driver/src/usb_mem.o
                0x00010b1c                PMAToUserBufferCopy
                0x00010a90                UserToPMABufferCopy
 .text          0x00010b88     0x12f0 ./lib/./STM32_USB-FS-Device_Driver/src/usb_regs.o
                0x00010f64                SetEPRxValid
                0x00011754                GetEPRxCount
                0x00010bc0                SetISTR
                0x00011e40                ByteSwap
                0x00010be0                GetISTR
                0x00011178                ClearEPDoubleBuff
                0x00011548                GetEPTxAddr
                0x00011604                SetEPCountRxReg
                0x000115c4                SetEPTxCount
                0x00010b88                SetCNTR
                0x00010d60                SetEPTxStatus
                0x00011ca4                GetEPDblBuf1Count
                0x000112c8                ToggleDTOG_RX
                0x00010e50                SetDouBleBuffEPStall
                0x00011e10                ToWord
                0x0001179c                SetEPDblBuffAddr
                0x000118ec                GetEPDblBuf1Addr
                0x0001192c                SetEPDblBuffCount
                0x00010c30                GetDADDR
                0x00011284                ClearEP_CTR_TX
                0x00011018                ClearEP_KIND
                0x00011430                SetEPAddress
                0x000118b0                GetEPDblBuf0Addr
                0x00011b88                SetEPDblBuf1Count
                0x00011864                SetEPDblBuf1Addr
                0x00011360                ClearDTOG_RX
                0x00010ba8                GetCNTR
                0x00011674                SetEPRxCount
                0x00010c10                SetDADDR
                0x00010eac                GetEPTxStatus
                0x00010c48                SetBTABLE
                0x00010bf8                GetFNR
                0x0001181c                SetEPDblBuf0Addr
                0x00011240                ClearEP_CTR_RX
                0x0001170c                GetEPTxCount
                0x00011c5c                GetEPDblBuf0Count
                0x000114fc                SetEPRxAddr
                0x00011488                GetEPAddress
                0x00011208                GetRxStallStatus
                0x00010c8c                SetENDPOINT
                0x00010ce0                SetEPType
                0x00010ed8                GetEPRxStatus
                0x00010fc4                SetEP_KIND
                0x00010d34                GetEPType
                0x00010c74                GetBTABLE
                0x00011314                ToggleDTOG_TX
                0x00010cb8                GetENDPOINT
                0x000110d0                Set_Status_Out
                0x00010f04                SetEPTxValid
                0x00011cec                GetEPDblBufDir
                0x00010dd8                SetEPRxStatus
                0x00011ab4                SetEPDblBuf0Count
                0x00011d78                FreeUserBuffer
                0x000113c8                ClearDTOG_TX
                0x000114b4                SetEPTxAddr
                0x00011074                Clear_Status_Out
                0x00011124                SetEPDoubleBuff
                0x00011584                GetEPRxAddr
                0x000111d4                GetTxStallStatus
 .text          0x00011e78       0xd8 ./lib/./STM32_USB-FS-Device_Driver/src/usb_sil.o
                0x00011f04                USB_SIL_Read
                0x00011e78                USB_SIL_Init
                0x00011eb8                USB_SIL_Write
 .text          0x00011f50      0x414 ./src/application/app.o
                0x000122d4                main
 .text          0x00012364     0x1004 ./src/bsp/bsp.o
                0x00012cb8                BSP_LEDOn
                0x00013328                Tmr_TickISR_Handler
                0x00013080                BSP_TEST_SDIO
                0x00012ce4                BSP_LEDOff
                0x000132e0                BSP_GET_ADCe1
                0x00012c84                BSP_CPU_ClkFreq
                0x00012dd8                BSP_SWValues
                0x00012ca0                BSP_IntDisAll
                0x00013278                BSP_ADC_POT
                0x00012d28                BSP_SDCARD_DISABLE
                0x00012da4                BSP_SWValue
                0x00012dfc                BSP_I2C_LEDS
                0x00012d40                BSP_LEDToggle
                0x00012d10                BSP_SDCARD_ENABLE
                0x00012cac                BSP_IntEnAll
                0x00013268                BSP_TEST_SRAM
                0x0001237c                SystemInit
                0x00012d7c                BSP_LEDSet
                0x000132c0                BSP_SET_DAC2
                0x00012f00                BSP_I2C_JOY
                0x00012c5c                BSP_Init
 .text          0x00013368        0x0 ./src/bsp/bsp_globals.o
 .text          0x00013368      0x19c ./src/bsp/bsp_utils.o
                0x0001345c                Fill_Buffer16
                0x000134a8                Buffercmp16
                0x000133b0                eBuffercmp
                0x00013368                Fill_Buffer
                0x00013400                Buffercmp
 .text          0x00013504      0x2c8 ./src/bsp/app_int.o
                0x0001358c                EXTI2_IRQHandler
                0x00013514                MemManageException
                0x00013750                TIM8_TRG_COM_IRQHandler
                0x00013758                TIM8_CC_IRQHandler
                0x0001351c                BusFaultException
                0x00013628                TIM1_CC_IRQHandler
                0x0001379c                TIM6_IRQHandler
                0x00013554                PVD_IRQHandler
                0x00013770                SDIO_IRQHandler
                0x00013594                EXTI3_IRQHandler
                0x000135d4                DMAChannel7_IRQHandler
                0x0001352c                DebugMonitor
                0x00013534                SVCHandler
                0x0001350c                HardFaultException
                0x000135e4                USB_HP_CAN_TX_IRQHandler
                0x0001357c                EXTI0_IRQHandler
                0x00013658                I2C2_EV_IRQHandler
                0x000135a4                DMAChannel1_IRQHandler
                0x000135dc                ADC1_2_IRQHandler
                0x00013668                SPI1_IRQHandler
                0x00013794                USART5_IRQHandler
                0x00013600                CAN_SCE_IRQHandler
                0x0001355c                TAMPER_IRQHandler
                0x00013748                TIM8_UP_IRQHandler
                0x00013504                NMIException
                0x000135bc                DMAChannel4_IRQHandler
                0x000136d4                USART3_IRQHandler
                0x00013564                RTC_IRQHandler
                0x00013544                SysTickHandler
                0x00013760                ADC3_IRQHandler
                0x00013640                TIM4_IRQHandler
                0x000135f8                CAN_RX1_IRQHandler
                0x00013648                I2C1_EV_IRQHandler
                0x0001378c                USART4_IRQHandler
                0x00013638                TIM3_IRQHandler
                0x00013574                RCC_IRQHandler
                0x00013620                TIM1_TRG_COM_IRQHandler
                0x000136fc                EXTI15_10_IRQHandler
                0x000135c4                DMAChannel5_IRQHandler
                0x000137a4                TIM7_IRQHandler
                0x0001377c                TIM5_IRQHandler
                0x000137ac                DMA2Channel1_IRQHandler
                0x00013608                EXTI9_5_IRQHandler
                0x000135ac                DMAChannel2_IRQHandler
                0x00013670                SPI2_IRQHandler
                0x000135ec                USB_LP_CAN_RX0_IRQHandler
                0x0001359c                EXTI4_IRQHandler
                0x000137c4                DMA2Channel4_5_IRQHandler
                0x00013768                FSMC_IRQHandler
                0x00013618                TIM1_UP_IRQHandler
                0x0001354c                WWDG_IRQHandler
                0x000137bc                DMA2Channel3_IRQHandler
                0x00013630                TIM2_IRQHandler
                0x00013610                TIM1_BRK_IRQHandler
                0x00013584                EXTI1_IRQHandler
                0x00013730                RTCAlarm_IRQHandler
                0x000136cc                USART2_IRQHandler
                0x00013660                I2C2_ER_IRQHandler
                0x00013740                TIM8_BRK_IRQHandler
                0x00013524                UsageFaultException
                0x0001356c                FLASH_IRQHandler
                0x000135cc                DMAChannel6_IRQHandler
                0x000135b4                DMAChannel3_IRQHandler
                0x00013678                USART1_IRQHandler
                0x00013784                SPI3_IRQHandler
                0x00013650                I2C1_ER_IRQHandler
                0x0001353c                PendSVCHandler
                0x000137b4                DMA2Channel2_IRQHandler
                0x00013738                USBWakeUp_IRQHandler
 .text          0x000137cc        0x0 ./src/bsp/app_vect.o
 .text          0x000137cc       0xd0 ./src/bsp/stm32f10x_startup.o
                0x000137cc                Reset_Handler
 .text          0x0001389c      0x368 ./src/bsp/stm32f10x_syscall.o
                0x0001395c                _USART1_read
                0x000138ac                _DUMMIE_close
                0x00013b50                _fstat
                0x00013b38                _isatty
                0x000138f4                _USART1_close
                0x00013b74                _open
                0x00013aa4                _sbrk
                0x00013a88                _lseek
                0x00013900                _USART1_write
                0x000139f0                _USART3_read
                0x000138c8                _DUMMIE_read
                0x000138d8                _USART1_open
                0x00013994                _USART3_write
                0x00013a00                _write
                0x0001396c                _USART3_open
                0x000138b8                _DUMMIE_write
                0x00013a30                _read
                0x00013b2c                _exit
                0x00013988                _USART3_close
                0x0001389c                _DUMMIE_open
                0x00013a60                _close
 .text          0x00013c04     0x40a4 ./src/bsp/sdcard.o
                0x000166f8                SD_SendSDStatus
                0x0001556c                SD_WriteBlock
                0x000142cc                SD_GetCardInfo
                0x000149b0                SD_EnableWideBusOperation
                0x00014038                SD_PowerOFF
                0x0001635c                SD_GetTransferState
                0x00014b14                SD_SetDeviceMode
                0x00015bd4                SD_WriteMultiBlocks
                0x00016a64                SD_ProcessIRQSrc
                0x000163fc                SD_Erase
                0x00013c04                SD_Init
                0x00014b58                SD_SelectDeselect
                0x0001664c                SD_SendStatus
                0x00014bd0                SD_ReadBlock
                0x00016384                SD_StopTransfer
                0x00013cc0                SD_PowerON
                0x0001501c                SD_ReadMultiBlocks
                0x00014058                SD_InitializeCards
 .text          0x00017ca8        0x0 ./src/usb/usb_desc.o
 .text          0x00017ca8       0xd4 ./src/usb/usb_endp.o
                0x00017cd8                EP4_IN_Callback
                0x00017d58                EP5_OUT_Callback
                0x00017d08                EP1_OUT_Callback
                0x00017d20                EP3_OUT_Callback
                0x00017cc0                EP2_IN_Callback
                0x00017cf0                EP6_IN_Callback
                0x00017ce4                EP5_IN_Callback
                0x00017d4c                EP4_OUT_Callback
                0x00017d64                EP6_OUT_Callback
                0x00017cfc                EP7_IN_Callback
                0x00017ca8                EP1_IN_Callback
                0x00017d14                EP2_OUT_Callback
                0x00017ccc                EP3_IN_Callback
                0x00017d70                EP7_OUT_Callback
 .text          0x00017d7c       0xcc ./src/usb/usb_istr.o
                0x00017d7c                USB_Istr
 .text          0x00017e48      0x440 ./src/usb/usb_prop.o
                0x000181d8                Virtual_Com_Port_Get_Interface_Setting
                0x00017e48                Virtual_Com_Port_init
                0x0001824c                Virtual_Com_Port_SetLineCoding
                0x00018014                Virtual_Com_Port_Status_In
                0x000180f4                Virtual_Com_Port_NoData_Setup
                0x00017fcc                Virtual_Com_Port_SetConfiguration
                0x00018210                Virtual_Com_Port_GetLineCoding
                0x00017ffc                Virtual_Com_Port_SetDeviceAddress
                0x00018048                Virtual_Com_Port_Data_Setup
                0x0001818c                Virtual_Com_Port_GetStringDescriptor
                0x00018164                Virtual_Com_Port_GetConfigDescriptor
                0x0001803c                Virtual_Com_Port_Status_Out
                0x0001813c                Virtual_Com_Port_GetDeviceDescriptor
                0x00017e7c                Virtual_Com_Port_Reset
 .text          0x00018288      0x2d8 ./src/usb/usb_pwr.o
                0x00018288                PowerOn
                0x00018348                Suspend
                0x0001839c                Resume_Init
                0x00018308                PowerOff
                0x000183dc                Resume
 .text          0x00018560      0x37c ./src/usb/hw_config.o
                0x00018610                Enter_LowPowerMode
                0x00018668                USB_Interrupts_Config
                0x000186b4                USB_To_USART_Send_Data
                0x000185f4                Set_USBClock
                0x0001870c                USART_To_USB_Send_Data
                0x00018628                Leave_LowPowerMode
                0x00018560                Set_System
                0x000187bc                Get_SerialNum
                0x000187a8                USB_Cable_Config
 .text          0x000188dc      0x31c ./src/sram/fsmc_sram.o
                0x00018ad0                FSMC_SRAM_test
                0x00018a8c                FSMC_SRAM_ReadBuffer
                0x00018a48                FSMC_SRAM_WriteBuffer
                0x000188dc                FSMC_SRAM_Init
 .text          0x00018bf8       0x22 ./lib/./uC-CPU/Cortex-M3/GCC/cpu_a.o
                0x00018c0e                CPU_CntLeadZeros
                0x00018bfc                CPU_IntEn
                0x00018c08                CPU_SR_Restore
                0x00018c14                CPU_RevBits
                0x00018bf8                CPU_IntDis
                0x00018c00                CPU_SR_Save
 *fill*         0x00018c1a       0xe6 00
 .text          0x00018d00      0x100 ./lib/./uCOS-II/Ports/ARM-Cortex-M3/Generic/GCC/os_cpu_a.o
                0x00018d0e                OSStartHighRdy
                0x00018d2a                OSCtxSw
                0x00018d3a                OS_CPU_PendSVHandler
                0x00018d32                OSIntCtxSw
                0x00018d08                OS_CPU_SR_Restore
                0x00018d00                OS_CPU_SR_Save
 .text          0x00018e00       0xa0 c:/apps/yagarto/bin/../lib/gcc/arm-elf/4.4.2/../../../../arm-elf/lib/thumb/thumb2\libc.a(lib_a-fopen.o)
                0x00018e88                fopen
                0x00018e00                _fopen_r
 .text          0x00018ea0       0x44 c:/apps/yagarto/bin/../lib/gcc/arm-elf/4.4.2/../../../../arm-elf/lib/thumb/thumb2\libc.a(lib_a-fprintf.o)
                0x00018ea0                fprintf
                0x00018ec8                _fprintf_r
 .text          0x00018ee4      0x334 c:/apps/yagarto/bin/../lib/gcc/arm-elf/4.4.2/../../../../arm-elf/lib/thumb/thumb2\libc.a(lib_a-fseek.o)
                0x000191fc                fseek
                0x00018ee4                _fseek_r
 .text          0x00019218       0x28 c:/apps/yagarto/bin/../lib/gcc/arm-elf/4.4.2/../../../../arm-elf/lib/thumb/thumb2\libc.a(lib_a-fstatr.o)
                0x00019218                _fstat_r
 .text          0x00019240       0xc4 c:/apps/yagarto/bin/../lib/gcc/arm-elf/4.4.2/../../../../arm-elf/lib/thumb/thumb2\libc.a(lib_a-fwrite.o)
                0x00019240                _fwrite_r
                0x000192e0                fwrite
 .text          0x00019304        0x0 c:/apps/yagarto/bin/../lib/gcc/arm-elf/4.4.2/../../../../arm-elf/lib/thumb/thumb2\libc.a(lib_a-impure.o)
 .text          0x00019304       0xd8 c:/apps/yagarto/bin/../lib/gcc/arm-elf/4.4.2/../../../../arm-elf/lib/thumb/thumb2\libc.a(lib_a-makebuf.o)
                0x00019304                __smakebuf_r
 .text          0x000193dc      0x588 c:/apps/yagarto/bin/../lib/gcc/arm-elf/4.4.2/../../../../arm-elf/lib/thumb/thumb2\libc.a(lib_a-mallocr.o)
                0x000193dc                _malloc_r
 .text          0x00019964       0xa8 c:/apps/yagarto/bin/../lib/gcc/arm-elf/4.4.2/../../../../arm-elf/lib/thumb/thumb2\libc.a(lib_a-memset.o)
                0x00019964                memset
 .text          0x00019a0c        0x8 c:/apps/yagarto/bin/../lib/gcc/arm-elf/4.4.2/../../../../arm-elf/lib/thumb/thumb2\libc.a(lib_a-mlock.o)
                0x00019a10                __malloc_unlock
                0x00019a0c                __malloc_lock
 .text          0x00019a14       0x2c c:/apps/yagarto/bin/../lib/gcc/arm-elf/4.4.2/../../../../arm-elf/lib/thumb/thumb2\libc.a(lib_a-openr.o)
                0x00019a14                _open_r
 .text          0x00019a40       0xf0 c:/apps/yagarto/bin/../lib/gcc/arm-elf/4.4.2/../../../../arm-elf/lib/thumb/thumb2\libc.a(lib_a-rand.o)
                0x00019a40                rand
                0x00019ad8                srand
 .text          0x00019b30      0x104 c:/apps/yagarto/bin/../lib/gcc/arm-elf/4.4.2/../../../../arm-elf/lib/thumb/thumb2\libc.a(lib_a-reent.o)
                0x00019b68                cleanup_glue
                0x00019b80                _reclaim_reent
                0x00019b30                _wrapup_reent
 .text          0x00019c34      0x158 c:/apps/yagarto/bin/../lib/gcc/arm-elf/4.4.2/../../../../arm-elf/lib/thumb/thumb2\libc.a(lib_a-refill.o)
                0x00019c34                __srefill_r
 .text          0x00019d8c       0x28 c:/apps/yagarto/bin/../lib/gcc/arm-elf/4.4.2/../../../../arm-elf/lib/thumb/thumb2\libc.a(lib_a-sbrkr.o)
                0x00019d8c                _sbrk_r
 .text          0x00019db4       0x90 c:/apps/yagarto/bin/../lib/gcc/arm-elf/4.4.2/../../../../arm-elf/lib/thumb/thumb2\libc.a(lib_a-stdio.o)
                0x00019dc0                __sseek
                0x00019e20                __sread
                0x00019db4                __sclose
                0x00019de8                __swrite
 .text          0x00019e44       0x54 c:/apps/yagarto/bin/../lib/gcc/arm-elf/4.4.2/../../../../arm-elf/lib/thumb/thumb2\libc.a(lib_a-strcmp.o)
                0x00019e44                strcmp
 .text          0x00019e98     0x171c c:/apps/yagarto/bin/../lib/gcc/arm-elf/4.4.2/../../../../arm-elf/lib/thumb/thumb2\libc.a(lib_a-vfprintf.o)
                0x00019eb4                _vfprintf_r
                0x0001b598                vfprintf
 .text          0x0001b5b4       0x2c c:/apps/yagarto/bin/../lib/gcc/arm-elf/4.4.2/../../../../arm-elf/lib/thumb/thumb2\libc.a(lib_a-writer.o)
                0x0001b5b4                _write_r
 .text          0x0001b5e0       0xfc c:/apps/yagarto/bin/../lib/gcc/arm-elf/4.4.2/../../../../arm-elf/lib/thumb/thumb2\libc.a(lib_a-wsetup.o)
                0x0001b5e0                __swsetup_r
 .text          0x0001b6dc       0x28 c:/apps/yagarto/bin/../lib/gcc/arm-elf/4.4.2/../../../../arm-elf/lib/thumb/thumb2\libc.a(lib_a-closer.o)
                0x0001b6dc                _close_r
 .text          0x0001b704      0xff4 c:/apps/yagarto/bin/../lib/gcc/arm-elf/4.4.2/../../../../arm-elf/lib/thumb/thumb2\libc.a(lib_a-dtoa.o)
                0x0001b824                _dtoa_r
 .text          0x0001c6f8      0x170 c:/apps/yagarto/bin/../lib/gcc/arm-elf/4.4.2/../../../../arm-elf/lib/thumb/thumb2\libc.a(lib_a-fflush.o)
                0x0001c840                fflush
                0x0001c6f8                _fflush_r
 .text          0x0001c868      0x1d8 c:/apps/yagarto/bin/../lib/gcc/arm-elf/4.4.2/../../../../arm-elf/lib/thumb/thumb2\libc.a(lib_a-findfp.o)
                0x0001c9e4                __sinit
                0x0001c92c                __sfmoreglue
                0x0001c8c8                _cleanup
                0x0001c8b8                _cleanup_r
                0x0001c89c                __fp_lock_all
                0x0001c868                __sfp_lock_acquire
                0x0001c958                __sfp
                0x0001c874                __sinit_lock_release
                0x0001c880                __fp_unlock_all
                0x0001c86c                __sfp_lock_release
                0x0001c870                __sinit_lock_acquire
 .text          0x0001ca40       0x78 c:/apps/yagarto/bin/../lib/gcc/arm-elf/4.4.2/../../../../arm-elf/lib/thumb/thumb2\libc.a(lib_a-flags.o)
                0x0001ca40                __sflags
 .text          0x0001cab8      0x258 c:/apps/yagarto/bin/../lib/gcc/arm-elf/4.4.2/../../../../arm-elf/lib/thumb/thumb2\libc.a(lib_a-freer.o)
                0x0001cb54                _free_r
                0x0001cab8                _malloc_trim_r
 .text          0x0001cd10      0x320 c:/apps/yagarto/bin/../lib/gcc/arm-elf/4.4.2/../../../../arm-elf/lib/thumb/thumb2\libc.a(lib_a-fvwrite.o)
                0x0001cd10                __sfvwrite_r
 .text          0x0001d030       0xa4 c:/apps/yagarto/bin/../lib/gcc/arm-elf/4.4.2/../../../../arm-elf/lib/thumb/thumb2\libc.a(lib_a-fwalk.o)
                0x0001d084                _fwalk
                0x0001d030                _fwalk_reent
 .text          0x0001d0d4       0x28 c:/apps/yagarto/bin/../lib/gcc/arm-elf/4.4.2/../../../../arm-elf/lib/thumb/thumb2\libc.a(lib_a-isattyr.o)
                0x0001d0d4                _isatty_r
 .text          0x0001d0fc       0x68 c:/apps/yagarto/bin/../lib/gcc/arm-elf/4.4.2/../../../../arm-elf/lib/thumb/thumb2\libc.a(lib_a-locale.o)
                0x0001d118                _setlocale_r
                0x0001d0fc                __locale_charset
                0x0001d108                _localeconv_r
                0x0001d14c                setlocale
                0x0001d110                localeconv
 .text          0x0001d164       0x2c c:/apps/yagarto/bin/../lib/gcc/arm-elf/4.4.2/../../../../arm-elf/lib/thumb/thumb2\libc.a(lib_a-lseekr.o)
                0x0001d164                _lseek_r
 .text          0x0001d190       0x28 c:/apps/yagarto/bin/../lib/gcc/arm-elf/4.4.2/../../../../arm-elf/lib/thumb/thumb2\libc.a(lib_a-malloc.o)
                0x0001d1a4                malloc
                0x0001d190                free
 .text          0x0001d1b8       0x64 c:/apps/yagarto/bin/../lib/gcc/arm-elf/4.4.2/../../../../arm-elf/lib/thumb/thumb2\libc.a(lib_a-memchr.o)
                0x0001d1b8                memchr
 .text          0x0001d21c       0x90 c:/apps/yagarto/bin/../lib/gcc/arm-elf/4.4.2/../../../../arm-elf/lib/thumb/thumb2\libc.a(lib_a-memcpy.o)
                0x0001d21c                memcpy
 .text          0x0001d2ac       0xb4 c:/apps/yagarto/bin/../lib/gcc/arm-elf/4.4.2/../../../../arm-elf/lib/thumb/thumb2\libc.a(lib_a-memmove.o)
                0x0001d2ac                memmove
 .text          0x0001d360      0x944 c:/apps/yagarto/bin/../lib/gcc/arm-elf/4.4.2/../../../../arm-elf/lib/thumb/thumb2\libc.a(lib_a-mprec.o)
                0x0001d580                _mprec_log10
                0x0001d608                __any_on
                0x0001d694                _Balloc
                0x0001d520                __ratio
                0x0001dabc                __i2b
                0x0001d484                __b2d
                0x0001dc08                __s2b
                0x0001d404                __mcmp
                0x0001d360                __hi0bits
                0x0001db5c                __pow5mult
                0x0001d8b8                __lshift
                0x0001d978                __multiply
                0x0001d700                __d2b
                0x0001d5b8                __copybits
                0x0001d440                __ulp
                0x0001d7c8                __mdiff
                0x0001d3a0                __lo0bits
                0x0001dad0                __multadd
                0x0001d65c                _Bfree
 .text          0x0001dca4       0x2c c:/apps/yagarto/bin/../lib/gcc/arm-elf/4.4.2/../../../../arm-elf/lib/thumb/thumb2\libc.a(lib_a-readr.o)
                0x0001dca4                _read_r
 .text          0x0001dcd0      0x390 c:/apps/yagarto/bin/../lib/gcc/arm-elf/4.4.2/../../../../arm-elf/lib/thumb/thumb2\libc.a(lib_a-reallocr.o)
                0x0001dcd0                _realloc_r
 .text          0x0001e060       0x20 c:/apps/yagarto/bin/../lib/gcc/arm-elf/4.4.2/../../../../arm-elf/lib/thumb/thumb2\libc.a(lib_a-s_isinfd.o)
                0x0001e060                __isinfd
 .text          0x0001e080       0x18 c:/apps/yagarto/bin/../lib/gcc/arm-elf/4.4.2/../../../../arm-elf/lib/thumb/thumb2\libc.a(lib_a-s_isnand.o)
                0x0001e080                __isnand
 .text          0x0001e098       0x54 c:/apps/yagarto/bin/../lib/gcc/arm-elf/4.4.2/../../../../arm-elf/lib/thumb/thumb2\libc.a(lib_a-strlen.o)
                0x0001e098                strlen
 .text          0x0001e0ec       0x5c c:/apps/yagarto/bin/../lib/gcc/arm-elf/4.4.2/../../../../arm-elf/lib/thumb/thumb2\libc.a(lib_a-callocr.o)
                0x0001e0ec                _calloc_r
 .text          0x0001e148       0xc8 c:/apps/yagarto/bin/../lib/gcc/arm-elf/4.4.2/../../../../arm-elf/lib/thumb/thumb2\libc.a(lib_a-fclose.o)
                0x0001e148                _fclose_r
                0x0001e1fc                fclose
 .text          0x0001e210       0x88 c:/apps/yagarto/bin/../lib/gcc/arm-elf/4.4.2/thumb/thumb2\libgcc.a(_udivsi3.o)
                0x0001e210                __udivsi3
                0x0001e210                __aeabi_uidiv
                0x0001e288                __aeabi_uidivmod
 .text          0x0001e298        0x4 c:/apps/yagarto/bin/../lib/gcc/arm-elf/4.4.2/thumb/thumb2\libgcc.a(_dvmd_tls.o)
                0x0001e298                __aeabi_ldiv0
                0x0001e298                __div0
                0x0001e298                __aeabi_idiv0
 .text          0x0001e29c      0x374 c:/apps/yagarto/bin/../lib/gcc/arm-elf/4.4.2/thumb/thumb2\libgcc.a(_arm_addsubdf3.o)
                0x0001e5b0                __floatdidf
                0x0001e540                __floatsidf
                0x0001e520                __aeabi_ui2d
                0x0001e29c                __aeabi_drsub
                0x0001e564                __extendsfdf2
                0x0001e2a8                __adddf3
                0x0001e520                __floatunsidf
                0x0001e2a8                __aeabi_dadd
                0x0001e5a0                __aeabi_ul2d
                0x0001e2a4                __aeabi_dsub
                0x0001e5a0                __floatundidf
                0x0001e540                __aeabi_i2d
                0x0001e5b0                __aeabi_l2d
                0x0001e564                __aeabi_f2d
                0x0001e2a4                __subdf3
 .text          0x0001e610      0x424 c:/apps/yagarto/bin/../lib/gcc/arm-elf/4.4.2/thumb/thumb2\libgcc.a(_arm_muldivdf3.o)
                0x0001e864                __aeabi_ddiv
                0x0001e610                __aeabi_dmul
                0x0001e864                __divdf3
                0x0001e610                __muldf3
 .text          0x0001ea34      0x10c c:/apps/yagarto/bin/../lib/gcc/arm-elf/4.4.2/thumb/thumb2\libgcc.a(_arm_cmpdf2.o)
                0x0001eb04                __aeabi_dcmple
                0x0001ea44                __cmpdf2
                0x0001ea44                __eqdf2
                0x0001ea34                __gtdf2
                0x0001eacc                __aeabi_cdcmple
                0x0001eabc                __aeabi_cdrcmple
                0x0001ea3c                __ltdf2
                0x0001eaf0                __aeabi_dcmplt
                0x0001ea3c                __ledf2
                0x0001eb2c                __aeabi_dcmpgt
                0x0001eb18                __aeabi_dcmpge
                0x0001ea44                __nedf2
                0x0001eadc                __aeabi_dcmpeq
                0x0001eacc                __aeabi_cdcmpeq
                0x0001ea34                __gedf2
 .text          0x0001eb40       0x50 c:/apps/yagarto/bin/../lib/gcc/arm-elf/4.4.2/thumb/thumb2\libgcc.a(_arm_fixdfsi.o)
                0x0001eb40                __fixdfsi
                0x0001eb40                __aeabi_d2iz
 *(.rodata*)
 .rodata        0x0001eb90      0x120 ./lib/./uCOS-II/Source/os_core.o
                0x0001eb90                OSUnMapTbl
 .rodata        0x0001ecb0       0x28 ./lib/./uCOS-II/Source/os_tmr.o
 .rodata        0x0001ecd8       0x50 ./src/application/app.o
 .rodata        0x0001ed28       0x3c ./src/bsp/bsp.o
                0x0001ed34                SystemFrequency_APB1Clk
                0x0001ed3c                D_LED_PIN
                0x0001ed38                SystemFrequency_APB2Clk
                0x0001ed54                SWITCH_PIN
                0x0001ed30                SystemFrequency_AHBClk
                0x0001ed4c                D_LED_CLK
                0x0001ed28                SystemFrequency
                0x0001ed2c                SystemFrequency_SysClk
                0x0001ed50                SWITCH_CLK
 .rodata        0x0001ed64       0x54 ./src/bsp/stm32f10x_syscall.o
                0x0001eda4                device_operation_table_USART3
                0x0001ed88                device_operation_table_USART1
                0x0001ed6c                device_operation_table_DUMMIE
 .rodata        0x0001edb8       0xb8 ./src/usb/usb_desc.o
                0x0001ee3c                Virtual_Com_Port_StringProduct
                0x0001edb8                Virtual_Com_Port_DeviceDescriptor
                0x0001ee10                Virtual_Com_Port_StringLangID
                0x0001ee14                Virtual_Com_Port_StringVendor
                0x0001edcc                Virtual_Com_Port_ConfigDescriptor
 .rodata        0x0001ee70        0x4 c:/apps/yagarto/bin/../lib/gcc/arm-elf/4.4.2/../../../../arm-elf/lib/thumb/thumb2\libc.a(lib_a-impure.o)
                0x0001ee70                _global_impure_ptr
 .rodata.str1.4
                0x0001ee74        0x2 c:/apps/yagarto/bin/../lib/gcc/arm-elf/4.4.2/../../../../arm-elf/lib/thumb/thumb2\libc.a(lib_a-impure.o)
                                  0x4 (size before relaxing)
 *fill*         0x0001ee76        0x2 00
 .rodata        0x0001ee78       0x20 c:/apps/yagarto/bin/../lib/gcc/arm-elf/4.4.2/../../../../arm-elf/lib/thumb/thumb2\libc.a(lib_a-vfprintf.o)
 .rodata.str1.4
                0x0001ee98       0x42 c:/apps/yagarto/bin/../lib/gcc/arm-elf/4.4.2/../../../../arm-elf/lib/thumb/thumb2\libc.a(lib_a-vfprintf.o)
                                 0x44 (size before relaxing)
 *fill*         0x0001eeda        0x2 00
 .rodata.str1.4
                0x0001eedc       0x10 c:/apps/yagarto/bin/../lib/gcc/arm-elf/4.4.2/../../../../arm-elf/lib/thumb/thumb2\libc.a(lib_a-dtoa.o)
                                 0x14 (size before relaxing)
 .rodata        0x0001eeec       0x60 c:/apps/yagarto/bin/../lib/gcc/arm-elf/4.4.2/../../../../arm-elf/lib/thumb/thumb2\libc.a(lib_a-findfp.o)
                0x0001ef2c                __sf_fake_stderr
                0x0001eeec                __sf_fake_stdin
                0x0001ef0c                __sf_fake_stdout
 .rodata        0x0001ef4c       0x34 c:/apps/yagarto/bin/../lib/gcc/arm-elf/4.4.2/../../../../arm-elf/lib/thumb/thumb2\libc.a(lib_a-locale.o)
 .rodata.str1.4
                0x0001ef80       0x10 c:/apps/yagarto/bin/../lib/gcc/arm-elf/4.4.2/../../../../arm-elf/lib/thumb/thumb2\libc.a(lib_a-locale.o)
                                 0x18 (size before relaxing)
 .rodata        0x0001ef90      0x124 c:/apps/yagarto/bin/../lib/gcc/arm-elf/4.4.2/../../../../arm-elf/lib/thumb/thumb2\libc.a(lib_a-mprec.o)
                0x0001f08c                __mprec_tinytens
                0x0001ef90                __mprec_tens
                0x0001f064                __mprec_bigtens
                0x0001f0b4                . = ALIGN (0x4)
                0x0001f0b4                _etext = .
                [0x0001f0b4]                PROVIDE (_etext, _etext)

.glue_7         0x0001f0b4        0x0
 .glue_7        0x0001f0b4        0x0 ./lib/./STM32F10x_StdPeriph_Driver/src/misc.o
 .glue_7        0x0001f0b4        0x0 ./lib/./STM32F10x_StdPeriph_Driver/src/stm32f10x_dbgmcu.o
 .glue_7        0x0001f0b4        0x0 ./lib/./STM32F10x_StdPeriph_Driver/src/stm32f10x_flash.o
 .glue_7        0x0001f0b4        0x0 ./lib/./STM32F10x_StdPeriph_Driver/src/stm32f10x_gpio.o
 .glue_7        0x0001f0b4        0x0 ./lib/./STM32F10x_StdPeriph_Driver/src/stm32f10x_rcc.o
 .glue_7        0x0001f0b4        0x0 ./lib/./STM32F10x_StdPeriph_Driver/src/stm32f10x_sdio.o
 .glue_7        0x0001f0b4        0x0 ./lib/./STM32F10x_StdPeriph_Driver/src/stm32f10x_usart.o
 .glue_7        0x0001f0b4        0x0 ./lib/./STM32F10x_StdPeriph_Driver/src/stm32f10x_i2c.o
 .glue_7        0x0001f0b4        0x0 ./lib/./STM32F10x_StdPeriph_Driver/src/stm32f10x_dma.o
 .glue_7        0x0001f0b4        0x0 ./lib/./STM32F10x_StdPeriph_Driver/src/stm32f10x_adc.o
 .glue_7        0x0001f0b4        0x0 ./lib/./STM32F10x_StdPeriph_Driver/src/stm32f10x_dac.o
 .glue_7        0x0001f0b4        0x0 ./lib/./STM32F10x_StdPeriph_Driver/src/stm32f10x_tim.o
 .glue_7        0x0001f0b4        0x0 ./lib/./STM32F10x_StdPeriph_Driver/src/stm32f10x_fsmc.o
 .glue_7        0x0001f0b4        0x0 ./lib/./STM32F10x_StdPeriph_Driver/src/stm32f10x_exti.o
 .glue_7        0x0001f0b4        0x0 ./lib/./STM32F10x_StdPeriph_Driver/src/stm32f10x_bkp.o
 .glue_7        0x0001f0b4        0x0 ./lib/./STM32F10x_StdPeriph_Driver/src/stm32f10x_pwr.o
 .glue_7        0x0001f0b4        0x0 ./lib/./uC-CPU/Cortex-M3/GCC/cpu_c.o
 .glue_7        0x0001f0b4        0x0 ./lib/./uCOS-II/Ports/ARM-Cortex-M3/Generic/GCC/os_cpu_c.o
 .glue_7        0x0001f0b4        0x0 ./lib/./uCOS-II/Ports/ARM-Cortex-M3/Generic/GCC/os_dbg.o
 .glue_7        0x0001f0b4        0x0 ./lib/./uCOS-II/Source/os_core.o
 .glue_7        0x0001f0b4        0x0 ./lib/./uCOS-II/Source/os_flag.o
 .glue_7        0x0001f0b4        0x0 ./lib/./uCOS-II/Source/os_mbox.o
 .glue_7        0x0001f0b4        0x0 ./lib/./uCOS-II/Source/os_mem.o
 .glue_7        0x0001f0b4        0x0 ./lib/./uCOS-II/Source/os_mutex.o
 .glue_7        0x0001f0b4        0x0 ./lib/./uCOS-II/Source/os_q.o
 .glue_7        0x0001f0b4        0x0 ./lib/./uCOS-II/Source/os_sem.o
 .glue_7        0x0001f0b4        0x0 ./lib/./uCOS-II/Source/os_task.o
 .glue_7        0x0001f0b4        0x0 ./lib/./uCOS-II/Source/os_time.o
 .glue_7        0x0001f0b4        0x0 ./lib/./uCOS-II/Source/os_tmr.o
 .glue_7        0x0001f0b4        0x0 ./lib/./STM32_USB-FS-Device_Driver/src/usb_core.o
 .glue_7        0x0001f0b4        0x0 ./lib/./STM32_USB-FS-Device_Driver/src/usb_init.o
 .glue_7        0x0001f0b4        0x0 ./lib/./STM32_USB-FS-Device_Driver/src/usb_int.o
 .glue_7        0x0001f0b4        0x0 ./lib/./STM32_USB-FS-Device_Driver/src/usb_mem.o
 .glue_7        0x0001f0b4        0x0 ./lib/./STM32_USB-FS-Device_Driver/src/usb_regs.o
 .glue_7        0x0001f0b4        0x0 ./lib/./STM32_USB-FS-Device_Driver/src/usb_sil.o
 .glue_7        0x0001f0b4        0x0 ./src/application/app.o
 .glue_7        0x0001f0b4        0x0 ./src/bsp/bsp.o
 .glue_7        0x0001f0b4        0x0 ./src/bsp/bsp_globals.o
 .glue_7        0x0001f0b4        0x0 ./src/bsp/bsp_utils.o
 .glue_7        0x0001f0b4        0x0 ./src/bsp/app_int.o
 .glue_7        0x0001f0b4        0x0 ./src/bsp/app_vect.o
 .glue_7        0x0001f0b4        0x0 ./src/bsp/stm32f10x_startup.o
 .glue_7        0x0001f0b4        0x0 ./src/bsp/stm32f10x_syscall.o
 .glue_7        0x0001f0b4        0x0 ./src/bsp/sdcard.o
 .glue_7        0x0001f0b4        0x0 ./src/usb/usb_desc.o
 .glue_7        0x0001f0b4        0x0 ./src/usb/usb_endp.o
 .glue_7        0x0001f0b4        0x0 ./src/usb/usb_istr.o
 .glue_7        0x0001f0b4        0x0 ./src/usb/usb_prop.o
 .glue_7        0x0001f0b4        0x0 ./src/usb/usb_pwr.o
 .glue_7        0x0001f0b4        0x0 ./src/usb/hw_config.o
 .glue_7        0x0001f0b4        0x0 ./src/sram/fsmc_sram.o
 .glue_7        0x0001f0b4        0x0 ./lib/./uC-CPU/Cortex-M3/GCC/cpu_a.o
 .glue_7        0x0001f0b4        0x0 ./lib/./uCOS-II/Ports/ARM-Cortex-M3/Generic/GCC/os_cpu_a.o
 .glue_7        0x0001f0b4        0x0 c:/apps/yagarto/bin/../lib/gcc/arm-elf/4.4.2/../../../../arm-elf/lib/thumb/thumb2\libc.a(lib_a-fopen.o)
 .glue_7        0x0001f0b4        0x0 c:/apps/yagarto/bin/../lib/gcc/arm-elf/4.4.2/../../../../arm-elf/lib/thumb/thumb2\libc.a(lib_a-fprintf.o)
 .glue_7        0x0001f0b4        0x0 c:/apps/yagarto/bin/../lib/gcc/arm-elf/4.4.2/../../../../arm-elf/lib/thumb/thumb2\libc.a(lib_a-fseek.o)
 .glue_7        0x0001f0b4        0x0 c:/apps/yagarto/bin/../lib/gcc/arm-elf/4.4.2/../../../../arm-elf/lib/thumb/thumb2\libc.a(lib_a-fstatr.o)
 .glue_7        0x0001f0b4        0x0 c:/apps/yagarto/bin/../lib/gcc/arm-elf/4.4.2/../../../../arm-elf/lib/thumb/thumb2\libc.a(lib_a-fwrite.o)
 .glue_7        0x0001f0b4        0x0 c:/apps/yagarto/bin/../lib/gcc/arm-elf/4.4.2/../../../../arm-elf/lib/thumb/thumb2\libc.a(lib_a-impure.o)
 .glue_7        0x0001f0b4        0x0 c:/apps/yagarto/bin/../lib/gcc/arm-elf/4.4.2/../../../../arm-elf/lib/thumb/thumb2\libc.a(lib_a-makebuf.o)
 .glue_7        0x0001f0b4        0x0 c:/apps/yagarto/bin/../lib/gcc/arm-elf/4.4.2/../../../../arm-elf/lib/thumb/thumb2\libc.a(lib_a-mallocr.o)
 .glue_7        0x0001f0b4        0x0 c:/apps/yagarto/bin/../lib/gcc/arm-elf/4.4.2/../../../../arm-elf/lib/thumb/thumb2\libc.a(lib_a-memset.o)
 .glue_7        0x0001f0b4        0x0 c:/apps/yagarto/bin/../lib/gcc/arm-elf/4.4.2/../../../../arm-elf/lib/thumb/thumb2\libc.a(lib_a-mlock.o)
 .glue_7        0x0001f0b4        0x0 c:/apps/yagarto/bin/../lib/gcc/arm-elf/4.4.2/../../../../arm-elf/lib/thumb/thumb2\libc.a(lib_a-openr.o)
 .glue_7        0x0001f0b4        0x0 c:/apps/yagarto/bin/../lib/gcc/arm-elf/4.4.2/../../../../arm-elf/lib/thumb/thumb2\libc.a(lib_a-rand.o)
 .glue_7        0x0001f0b4        0x0 c:/apps/yagarto/bin/../lib/gcc/arm-elf/4.4.2/../../../../arm-elf/lib/thumb/thumb2\libc.a(lib_a-reent.o)
 .glue_7        0x0001f0b4        0x0 c:/apps/yagarto/bin/../lib/gcc/arm-elf/4.4.2/../../../../arm-elf/lib/thumb/thumb2\libc.a(lib_a-refill.o)
 .glue_7        0x0001f0b4        0x0 c:/apps/yagarto/bin/../lib/gcc/arm-elf/4.4.2/../../../../arm-elf/lib/thumb/thumb2\libc.a(lib_a-sbrkr.o)
 .glue_7        0x0001f0b4        0x0 c:/apps/yagarto/bin/../lib/gcc/arm-elf/4.4.2/../../../../arm-elf/lib/thumb/thumb2\libc.a(lib_a-stdio.o)
 .glue_7        0x0001f0b4        0x0 c:/apps/yagarto/bin/../lib/gcc/arm-elf/4.4.2/../../../../arm-elf/lib/thumb/thumb2\libc.a(lib_a-strcmp.o)
 .glue_7        0x0001f0b4        0x0 c:/apps/yagarto/bin/../lib/gcc/arm-elf/4.4.2/../../../../arm-elf/lib/thumb/thumb2\libc.a(lib_a-vfprintf.o)
 .glue_7        0x0001f0b4        0x0 c:/apps/yagarto/bin/../lib/gcc/arm-elf/4.4.2/../../../../arm-elf/lib/thumb/thumb2\libc.a(lib_a-writer.o)
 .glue_7        0x0001f0b4        0x0 c:/apps/yagarto/bin/../lib/gcc/arm-elf/4.4.2/../../../../arm-elf/lib/thumb/thumb2\libc.a(lib_a-wsetup.o)
 .glue_7        0x0001f0b4        0x0 c:/apps/yagarto/bin/../lib/gcc/arm-elf/4.4.2/../../../../arm-elf/lib/thumb/thumb2\libc.a(lib_a-closer.o)
 .glue_7        0x0001f0b4        0x0 c:/apps/yagarto/bin/../lib/gcc/arm-elf/4.4.2/../../../../arm-elf/lib/thumb/thumb2\libc.a(lib_a-dtoa.o)
 .glue_7        0x0001f0b4        0x0 c:/apps/yagarto/bin/../lib/gcc/arm-elf/4.4.2/../../../../arm-elf/lib/thumb/thumb2\libc.a(lib_a-fflush.o)
 .glue_7        0x0001f0b4        0x0 c:/apps/yagarto/bin/../lib/gcc/arm-elf/4.4.2/../../../../arm-elf/lib/thumb/thumb2\libc.a(lib_a-findfp.o)
 .glue_7        0x0001f0b4        0x0 c:/apps/yagarto/bin/../lib/gcc/arm-elf/4.4.2/../../../../arm-elf/lib/thumb/thumb2\libc.a(lib_a-flags.o)
 .glue_7        0x0001f0b4        0x0 c:/apps/yagarto/bin/../lib/gcc/arm-elf/4.4.2/../../../../arm-elf/lib/thumb/thumb2\libc.a(lib_a-freer.o)
 .glue_7        0x0001f0b4        0x0 c:/apps/yagarto/bin/../lib/gcc/arm-elf/4.4.2/../../../../arm-elf/lib/thumb/thumb2\libc.a(lib_a-fvwrite.o)
 .glue_7        0x0001f0b4        0x0 c:/apps/yagarto/bin/../lib/gcc/arm-elf/4.4.2/../../../../arm-elf/lib/thumb/thumb2\libc.a(lib_a-fwalk.o)
 .glue_7        0x0001f0b4        0x0 c:/apps/yagarto/bin/../lib/gcc/arm-elf/4.4.2/../../../../arm-elf/lib/thumb/thumb2\libc.a(lib_a-isattyr.o)
 .glue_7        0x0001f0b4        0x0 c:/apps/yagarto/bin/../lib/gcc/arm-elf/4.4.2/../../../../arm-elf/lib/thumb/thumb2\libc.a(lib_a-locale.o)
 .glue_7        0x0001f0b4        0x0 c:/apps/yagarto/bin/../lib/gcc/arm-elf/4.4.2/../../../../arm-elf/lib/thumb/thumb2\libc.a(lib_a-lseekr.o)
 .glue_7        0x0001f0b4        0x0 c:/apps/yagarto/bin/../lib/gcc/arm-elf/4.4.2/../../../../arm-elf/lib/thumb/thumb2\libc.a(lib_a-malloc.o)
 .glue_7        0x0001f0b4        0x0 c:/apps/yagarto/bin/../lib/gcc/arm-elf/4.4.2/../../../../arm-elf/lib/thumb/thumb2\libc.a(lib_a-memchr.o)
 .glue_7        0x0001f0b4        0x0 c:/apps/yagarto/bin/../lib/gcc/arm-elf/4.4.2/../../../../arm-elf/lib/thumb/thumb2\libc.a(lib_a-memcpy.o)
 .glue_7        0x0001f0b4        0x0 c:/apps/yagarto/bin/../lib/gcc/arm-elf/4.4.2/../../../../arm-elf/lib/thumb/thumb2\libc.a(lib_a-memmove.o)
 .glue_7        0x0001f0b4        0x0 c:/apps/yagarto/bin/../lib/gcc/arm-elf/4.4.2/../../../../arm-elf/lib/thumb/thumb2\libc.a(lib_a-mprec.o)
 .glue_7        0x0001f0b4        0x0 c:/apps/yagarto/bin/../lib/gcc/arm-elf/4.4.2/../../../../arm-elf/lib/thumb/thumb2\libc.a(lib_a-readr.o)
 .glue_7        0x0001f0b4        0x0 c:/apps/yagarto/bin/../lib/gcc/arm-elf/4.4.2/../../../../arm-elf/lib/thumb/thumb2\libc.a(lib_a-reallocr.o)
 .glue_7        0x0001f0b4        0x0 c:/apps/yagarto/bin/../lib/gcc/arm-elf/4.4.2/../../../../arm-elf/lib/thumb/thumb2\libc.a(lib_a-s_isinfd.o)
 .glue_7        0x0001f0b4        0x0 c:/apps/yagarto/bin/../lib/gcc/arm-elf/4.4.2/../../../../arm-elf/lib/thumb/thumb2\libc.a(lib_a-s_isnand.o)
 .glue_7        0x0001f0b4        0x0 c:/apps/yagarto/bin/../lib/gcc/arm-elf/4.4.2/../../../../arm-elf/lib/thumb/thumb2\libc.a(lib_a-strlen.o)
 .glue_7        0x0001f0b4        0x0 c:/apps/yagarto/bin/../lib/gcc/arm-elf/4.4.2/../../../../arm-elf/lib/thumb/thumb2\libc.a(lib_a-callocr.o)
 .glue_7        0x0001f0b4        0x0 c:/apps/yagarto/bin/../lib/gcc/arm-elf/4.4.2/../../../../arm-elf/lib/thumb/thumb2\libc.a(lib_a-fclose.o)
 .glue_7        0x0001f0b4        0x0 c:/apps/yagarto/bin/../lib/gcc/arm-elf/4.4.2/thumb/thumb2\libgcc.a(_udivsi3.o)
 .glue_7        0x0001f0b4        0x0 c:/apps/yagarto/bin/../lib/gcc/arm-elf/4.4.2/thumb/thumb2\libgcc.a(_dvmd_tls.o)
 .glue_7        0x0001f0b4        0x0 c:/apps/yagarto/bin/../lib/gcc/arm-elf/4.4.2/thumb/thumb2\libgcc.a(_arm_addsubdf3.o)
 .glue_7        0x0001f0b4        0x0 c:/apps/yagarto/bin/../lib/gcc/arm-elf/4.4.2/thumb/thumb2\libgcc.a(_arm_muldivdf3.o)
 .glue_7        0x0001f0b4        0x0 c:/apps/yagarto/bin/../lib/gcc/arm-elf/4.4.2/thumb/thumb2\libgcc.a(_arm_cmpdf2.o)
 .glue_7        0x0001f0b4        0x0 c:/apps/yagarto/bin/../lib/gcc/arm-elf/4.4.2/thumb/thumb2\libgcc.a(_arm_fixdfsi.o)

.glue_7t        0x0001f0b4        0x0
 .glue_7t       0x0001f0b4        0x0 ./lib/./STM32F10x_StdPeriph_Driver/src/misc.o
 .glue_7t       0x0001f0b4        0x0 ./lib/./STM32F10x_StdPeriph_Driver/src/stm32f10x_dbgmcu.o
 .glue_7t       0x0001f0b4        0x0 ./lib/./STM32F10x_StdPeriph_Driver/src/stm32f10x_flash.o
 .glue_7t       0x0001f0b4        0x0 ./lib/./STM32F10x_StdPeriph_Driver/src/stm32f10x_gpio.o
 .glue_7t       0x0001f0b4        0x0 ./lib/./STM32F10x_StdPeriph_Driver/src/stm32f10x_rcc.o
 .glue_7t       0x0001f0b4        0x0 ./lib/./STM32F10x_StdPeriph_Driver/src/stm32f10x_sdio.o
 .glue_7t       0x0001f0b4        0x0 ./lib/./STM32F10x_StdPeriph_Driver/src/stm32f10x_usart.o
 .glue_7t       0x0001f0b4        0x0 ./lib/./STM32F10x_StdPeriph_Driver/src/stm32f10x_i2c.o
 .glue_7t       0x0001f0b4        0x0 ./lib/./STM32F10x_StdPeriph_Driver/src/stm32f10x_dma.o
 .glue_7t       0x0001f0b4        0x0 ./lib/./STM32F10x_StdPeriph_Driver/src/stm32f10x_adc.o
 .glue_7t       0x0001f0b4        0x0 ./lib/./STM32F10x_StdPeriph_Driver/src/stm32f10x_dac.o
 .glue_7t       0x0001f0b4        0x0 ./lib/./STM32F10x_StdPeriph_Driver/src/stm32f10x_tim.o
 .glue_7t       0x0001f0b4        0x0 ./lib/./STM32F10x_StdPeriph_Driver/src/stm32f10x_fsmc.o
 .glue_7t       0x0001f0b4        0x0 ./lib/./STM32F10x_StdPeriph_Driver/src/stm32f10x_exti.o
 .glue_7t       0x0001f0b4        0x0 ./lib/./STM32F10x_StdPeriph_Driver/src/stm32f10x_bkp.o
 .glue_7t       0x0001f0b4        0x0 ./lib/./STM32F10x_StdPeriph_Driver/src/stm32f10x_pwr.o
 .glue_7t       0x0001f0b4        0x0 ./lib/./uC-CPU/Cortex-M3/GCC/cpu_c.o
 .glue_7t       0x0001f0b4        0x0 ./lib/./uCOS-II/Ports/ARM-Cortex-M3/Generic/GCC/os_cpu_c.o
 .glue_7t       0x0001f0b4        0x0 ./lib/./uCOS-II/Ports/ARM-Cortex-M3/Generic/GCC/os_dbg.o
 .glue_7t       0x0001f0b4        0x0 ./lib/./uCOS-II/Source/os_core.o
 .glue_7t       0x0001f0b4        0x0 ./lib/./uCOS-II/Source/os_flag.o
 .glue_7t       0x0001f0b4        0x0 ./lib/./uCOS-II/Source/os_mbox.o
 .glue_7t       0x0001f0b4        0x0 ./lib/./uCOS-II/Source/os_mem.o
 .glue_7t       0x0001f0b4        0x0 ./lib/./uCOS-II/Source/os_mutex.o
 .glue_7t       0x0001f0b4        0x0 ./lib/./uCOS-II/Source/os_q.o
 .glue_7t       0x0001f0b4        0x0 ./lib/./uCOS-II/Source/os_sem.o
 .glue_7t       0x0001f0b4        0x0 ./lib/./uCOS-II/Source/os_task.o
 .glue_7t       0x0001f0b4        0x0 ./lib/./uCOS-II/Source/os_time.o
 .glue_7t       0x0001f0b4        0x0 ./lib/./uCOS-II/Source/os_tmr.o
 .glue_7t       0x0001f0b4        0x0 ./lib/./STM32_USB-FS-Device_Driver/src/usb_core.o
 .glue_7t       0x0001f0b4        0x0 ./lib/./STM32_USB-FS-Device_Driver/src/usb_init.o
 .glue_7t       0x0001f0b4        0x0 ./lib/./STM32_USB-FS-Device_Driver/src/usb_int.o
 .glue_7t       0x0001f0b4        0x0 ./lib/./STM32_USB-FS-Device_Driver/src/usb_mem.o
 .glue_7t       0x0001f0b4        0x0 ./lib/./STM32_USB-FS-Device_Driver/src/usb_regs.o
 .glue_7t       0x0001f0b4        0x0 ./lib/./STM32_USB-FS-Device_Driver/src/usb_sil.o
 .glue_7t       0x0001f0b4        0x0 ./src/application/app.o
 .glue_7t       0x0001f0b4        0x0 ./src/bsp/bsp.o
 .glue_7t       0x0001f0b4        0x0 ./src/bsp/bsp_globals.o
 .glue_7t       0x0001f0b4        0x0 ./src/bsp/bsp_utils.o
 .glue_7t       0x0001f0b4        0x0 ./src/bsp/app_int.o
 .glue_7t       0x0001f0b4        0x0 ./src/bsp/app_vect.o
 .glue_7t       0x0001f0b4        0x0 ./src/bsp/stm32f10x_startup.o
 .glue_7t       0x0001f0b4        0x0 ./src/bsp/stm32f10x_syscall.o
 .glue_7t       0x0001f0b4        0x0 ./src/bsp/sdcard.o
 .glue_7t       0x0001f0b4        0x0 ./src/usb/usb_desc.o
 .glue_7t       0x0001f0b4        0x0 ./src/usb/usb_endp.o
 .glue_7t       0x0001f0b4        0x0 ./src/usb/usb_istr.o
 .glue_7t       0x0001f0b4        0x0 ./src/usb/usb_prop.o
 .glue_7t       0x0001f0b4        0x0 ./src/usb/usb_pwr.o
 .glue_7t       0x0001f0b4        0x0 ./src/usb/hw_config.o
 .glue_7t       0x0001f0b4        0x0 ./src/sram/fsmc_sram.o
 .glue_7t       0x0001f0b4        0x0 ./lib/./uC-CPU/Cortex-M3/GCC/cpu_a.o
 .glue_7t       0x0001f0b4        0x0 ./lib/./uCOS-II/Ports/ARM-Cortex-M3/Generic/GCC/os_cpu_a.o
 .glue_7t       0x0001f0b4        0x0 c:/apps/yagarto/bin/../lib/gcc/arm-elf/4.4.2/../../../../arm-elf/lib/thumb/thumb2\libc.a(lib_a-fopen.o)
 .glue_7t       0x0001f0b4        0x0 c:/apps/yagarto/bin/../lib/gcc/arm-elf/4.4.2/../../../../arm-elf/lib/thumb/thumb2\libc.a(lib_a-fprintf.o)
 .glue_7t       0x0001f0b4        0x0 c:/apps/yagarto/bin/../lib/gcc/arm-elf/4.4.2/../../../../arm-elf/lib/thumb/thumb2\libc.a(lib_a-fseek.o)
 .glue_7t       0x0001f0b4        0x0 c:/apps/yagarto/bin/../lib/gcc/arm-elf/4.4.2/../../../../arm-elf/lib/thumb/thumb2\libc.a(lib_a-fstatr.o)
 .glue_7t       0x0001f0b4        0x0 c:/apps/yagarto/bin/../lib/gcc/arm-elf/4.4.2/../../../../arm-elf/lib/thumb/thumb2\libc.a(lib_a-fwrite.o)
 .glue_7t       0x0001f0b4        0x0 c:/apps/yagarto/bin/../lib/gcc/arm-elf/4.4.2/../../../../arm-elf/lib/thumb/thumb2\libc.a(lib_a-impure.o)
 .glue_7t       0x0001f0b4        0x0 c:/apps/yagarto/bin/../lib/gcc/arm-elf/4.4.2/../../../../arm-elf/lib/thumb/thumb2\libc.a(lib_a-makebuf.o)
 .glue_7t       0x0001f0b4        0x0 c:/apps/yagarto/bin/../lib/gcc/arm-elf/4.4.2/../../../../arm-elf/lib/thumb/thumb2\libc.a(lib_a-mallocr.o)
 .glue_7t       0x0001f0b4        0x0 c:/apps/yagarto/bin/../lib/gcc/arm-elf/4.4.2/../../../../arm-elf/lib/thumb/thumb2\libc.a(lib_a-memset.o)
 .glue_7t       0x0001f0b4        0x0 c:/apps/yagarto/bin/../lib/gcc/arm-elf/4.4.2/../../../../arm-elf/lib/thumb/thumb2\libc.a(lib_a-mlock.o)
 .glue_7t       0x0001f0b4        0x0 c:/apps/yagarto/bin/../lib/gcc/arm-elf/4.4.2/../../../../arm-elf/lib/thumb/thumb2\libc.a(lib_a-openr.o)
 .glue_7t       0x0001f0b4        0x0 c:/apps/yagarto/bin/../lib/gcc/arm-elf/4.4.2/../../../../arm-elf/lib/thumb/thumb2\libc.a(lib_a-rand.o)
 .glue_7t       0x0001f0b4        0x0 c:/apps/yagarto/bin/../lib/gcc/arm-elf/4.4.2/../../../../arm-elf/lib/thumb/thumb2\libc.a(lib_a-reent.o)
 .glue_7t       0x0001f0b4        0x0 c:/apps/yagarto/bin/../lib/gcc/arm-elf/4.4.2/../../../../arm-elf/lib/thumb/thumb2\libc.a(lib_a-refill.o)
 .glue_7t       0x0001f0b4        0x0 c:/apps/yagarto/bin/../lib/gcc/arm-elf/4.4.2/../../../../arm-elf/lib/thumb/thumb2\libc.a(lib_a-sbrkr.o)
 .glue_7t       0x0001f0b4        0x0 c:/apps/yagarto/bin/../lib/gcc/arm-elf/4.4.2/../../../../arm-elf/lib/thumb/thumb2\libc.a(lib_a-stdio.o)
 .glue_7t       0x0001f0b4        0x0 c:/apps/yagarto/bin/../lib/gcc/arm-elf/4.4.2/../../../../arm-elf/lib/thumb/thumb2\libc.a(lib_a-strcmp.o)
 .glue_7t       0x0001f0b4        0x0 c:/apps/yagarto/bin/../lib/gcc/arm-elf/4.4.2/../../../../arm-elf/lib/thumb/thumb2\libc.a(lib_a-vfprintf.o)
 .glue_7t       0x0001f0b4        0x0 c:/apps/yagarto/bin/../lib/gcc/arm-elf/4.4.2/../../../../arm-elf/lib/thumb/thumb2\libc.a(lib_a-writer.o)
 .glue_7t       0x0001f0b4        0x0 c:/apps/yagarto/bin/../lib/gcc/arm-elf/4.4.2/../../../../arm-elf/lib/thumb/thumb2\libc.a(lib_a-wsetup.o)
 .glue_7t       0x0001f0b4        0x0 c:/apps/yagarto/bin/../lib/gcc/arm-elf/4.4.2/../../../../arm-elf/lib/thumb/thumb2\libc.a(lib_a-closer.o)
 .glue_7t       0x0001f0b4        0x0 c:/apps/yagarto/bin/../lib/gcc/arm-elf/4.4.2/../../../../arm-elf/lib/thumb/thumb2\libc.a(lib_a-dtoa.o)
 .glue_7t       0x0001f0b4        0x0 c:/apps/yagarto/bin/../lib/gcc/arm-elf/4.4.2/../../../../arm-elf/lib/thumb/thumb2\libc.a(lib_a-fflush.o)
 .glue_7t       0x0001f0b4        0x0 c:/apps/yagarto/bin/../lib/gcc/arm-elf/4.4.2/../../../../arm-elf/lib/thumb/thumb2\libc.a(lib_a-findfp.o)
 .glue_7t       0x0001f0b4        0x0 c:/apps/yagarto/bin/../lib/gcc/arm-elf/4.4.2/../../../../arm-elf/lib/thumb/thumb2\libc.a(lib_a-flags.o)
 .glue_7t       0x0001f0b4        0x0 c:/apps/yagarto/bin/../lib/gcc/arm-elf/4.4.2/../../../../arm-elf/lib/thumb/thumb2\libc.a(lib_a-freer.o)
 .glue_7t       0x0001f0b4        0x0 c:/apps/yagarto/bin/../lib/gcc/arm-elf/4.4.2/../../../../arm-elf/lib/thumb/thumb2\libc.a(lib_a-fvwrite.o)
 .glue_7t       0x0001f0b4        0x0 c:/apps/yagarto/bin/../lib/gcc/arm-elf/4.4.2/../../../../arm-elf/lib/thumb/thumb2\libc.a(lib_a-fwalk.o)
 .glue_7t       0x0001f0b4        0x0 c:/apps/yagarto/bin/../lib/gcc/arm-elf/4.4.2/../../../../arm-elf/lib/thumb/thumb2\libc.a(lib_a-isattyr.o)
 .glue_7t       0x0001f0b4        0x0 c:/apps/yagarto/bin/../lib/gcc/arm-elf/4.4.2/../../../../arm-elf/lib/thumb/thumb2\libc.a(lib_a-locale.o)
 .glue_7t       0x0001f0b4        0x0 c:/apps/yagarto/bin/../lib/gcc/arm-elf/4.4.2/../../../../arm-elf/lib/thumb/thumb2\libc.a(lib_a-lseekr.o)
 .glue_7t       0x0001f0b4        0x0 c:/apps/yagarto/bin/../lib/gcc/arm-elf/4.4.2/../../../../arm-elf/lib/thumb/thumb2\libc.a(lib_a-malloc.o)
 .glue_7t       0x0001f0b4        0x0 c:/apps/yagarto/bin/../lib/gcc/arm-elf/4.4.2/../../../../arm-elf/lib/thumb/thumb2\libc.a(lib_a-memchr.o)
 .glue_7t       0x0001f0b4        0x0 c:/apps/yagarto/bin/../lib/gcc/arm-elf/4.4.2/../../../../arm-elf/lib/thumb/thumb2\libc.a(lib_a-memcpy.o)
 .glue_7t       0x0001f0b4        0x0 c:/apps/yagarto/bin/../lib/gcc/arm-elf/4.4.2/../../../../arm-elf/lib/thumb/thumb2\libc.a(lib_a-memmove.o)
 .glue_7t       0x0001f0b4        0x0 c:/apps/yagarto/bin/../lib/gcc/arm-elf/4.4.2/../../../../arm-elf/lib/thumb/thumb2\libc.a(lib_a-mprec.o)
 .glue_7t       0x0001f0b4        0x0 c:/apps/yagarto/bin/../lib/gcc/arm-elf/4.4.2/../../../../arm-elf/lib/thumb/thumb2\libc.a(lib_a-readr.o)
 .glue_7t       0x0001f0b4        0x0 c:/apps/yagarto/bin/../lib/gcc/arm-elf/4.4.2/../../../../arm-elf/lib/thumb/thumb2\libc.a(lib_a-reallocr.o)
 .glue_7t       0x0001f0b4        0x0 c:/apps/yagarto/bin/../lib/gcc/arm-elf/4.4.2/../../../../arm-elf/lib/thumb/thumb2\libc.a(lib_a-s_isinfd.o)
 .glue_7t       0x0001f0b4        0x0 c:/apps/yagarto/bin/../lib/gcc/arm-elf/4.4.2/../../../../arm-elf/lib/thumb/thumb2\libc.a(lib_a-s_isnand.o)
 .glue_7t       0x0001f0b4        0x0 c:/apps/yagarto/bin/../lib/gcc/arm-elf/4.4.2/../../../../arm-elf/lib/thumb/thumb2\libc.a(lib_a-strlen.o)
 .glue_7t       0x0001f0b4        0x0 c:/apps/yagarto/bin/../lib/gcc/arm-elf/4.4.2/../../../../arm-elf/lib/thumb/thumb2\libc.a(lib_a-callocr.o)
 .glue_7t       0x0001f0b4        0x0 c:/apps/yagarto/bin/../lib/gcc/arm-elf/4.4.2/../../../../arm-elf/lib/thumb/thumb2\libc.a(lib_a-fclose.o)
 .glue_7t       0x0001f0b4        0x0 c:/apps/yagarto/bin/../lib/gcc/arm-elf/4.4.2/thumb/thumb2\libgcc.a(_udivsi3.o)
 .glue_7t       0x0001f0b4        0x0 c:/apps/yagarto/bin/../lib/gcc/arm-elf/4.4.2/thumb/thumb2\libgcc.a(_dvmd_tls.o)
 .glue_7t       0x0001f0b4        0x0 c:/apps/yagarto/bin/../lib/gcc/arm-elf/4.4.2/thumb/thumb2\libgcc.a(_arm_addsubdf3.o)
 .glue_7t       0x0001f0b4        0x0 c:/apps/yagarto/bin/../lib/gcc/arm-elf/4.4.2/thumb/thumb2\libgcc.a(_arm_muldivdf3.o)
 .glue_7t       0x0001f0b4        0x0 c:/apps/yagarto/bin/../lib/gcc/arm-elf/4.4.2/thumb/thumb2\libgcc.a(_arm_cmpdf2.o)
 .glue_7t       0x0001f0b4        0x0 c:/apps/yagarto/bin/../lib/gcc/arm-elf/4.4.2/thumb/thumb2\libgcc.a(_arm_fixdfsi.o)

.vfp11_veneer   0x0001f0b4        0x0
 .vfp11_veneer  0x0001f0b4        0x0 ./lib/./STM32F10x_StdPeriph_Driver/src/misc.o
 .vfp11_veneer  0x0001f0b4        0x0 ./lib/./STM32F10x_StdPeriph_Driver/src/stm32f10x_dbgmcu.o
 .vfp11_veneer  0x0001f0b4        0x0 ./lib/./STM32F10x_StdPeriph_Driver/src/stm32f10x_flash.o
 .vfp11_veneer  0x0001f0b4        0x0 ./lib/./STM32F10x_StdPeriph_Driver/src/stm32f10x_gpio.o
 .vfp11_veneer  0x0001f0b4        0x0 ./lib/./STM32F10x_StdPeriph_Driver/src/stm32f10x_rcc.o
 .vfp11_veneer  0x0001f0b4        0x0 ./lib/./STM32F10x_StdPeriph_Driver/src/stm32f10x_sdio.o
 .vfp11_veneer  0x0001f0b4        0x0 ./lib/./STM32F10x_StdPeriph_Driver/src/stm32f10x_usart.o
 .vfp11_veneer  0x0001f0b4        0x0 ./lib/./STM32F10x_StdPeriph_Driver/src/stm32f10x_i2c.o
 .vfp11_veneer  0x0001f0b4        0x0 ./lib/./STM32F10x_StdPeriph_Driver/src/stm32f10x_dma.o
 .vfp11_veneer  0x0001f0b4        0x0 ./lib/./STM32F10x_StdPeriph_Driver/src/stm32f10x_adc.o
 .vfp11_veneer  0x0001f0b4        0x0 ./lib/./STM32F10x_StdPeriph_Driver/src/stm32f10x_dac.o
 .vfp11_veneer  0x0001f0b4        0x0 ./lib/./STM32F10x_StdPeriph_Driver/src/stm32f10x_tim.o
 .vfp11_veneer  0x0001f0b4        0x0 ./lib/./STM32F10x_StdPeriph_Driver/src/stm32f10x_fsmc.o
 .vfp11_veneer  0x0001f0b4        0x0 ./lib/./STM32F10x_StdPeriph_Driver/src/stm32f10x_exti.o
 .vfp11_veneer  0x0001f0b4        0x0 ./lib/./STM32F10x_StdPeriph_Driver/src/stm32f10x_bkp.o
 .vfp11_veneer  0x0001f0b4        0x0 ./lib/./STM32F10x_StdPeriph_Driver/src/stm32f10x_pwr.o
 .vfp11_veneer  0x0001f0b4        0x0 ./lib/./uC-CPU/Cortex-M3/GCC/cpu_c.o
 .vfp11_veneer  0x0001f0b4        0x0 ./lib/./uCOS-II/Ports/ARM-Cortex-M3/Generic/GCC/os_cpu_c.o
 .vfp11_veneer  0x0001f0b4        0x0 ./lib/./uCOS-II/Ports/ARM-Cortex-M3/Generic/GCC/os_dbg.o
 .vfp11_veneer  0x0001f0b4        0x0 ./lib/./uCOS-II/Source/os_core.o
 .vfp11_veneer  0x0001f0b4        0x0 ./lib/./uCOS-II/Source/os_flag.o
 .vfp11_veneer  0x0001f0b4        0x0 ./lib/./uCOS-II/Source/os_mbox.o
 .vfp11_veneer  0x0001f0b4        0x0 ./lib/./uCOS-II/Source/os_mem.o
 .vfp11_veneer  0x0001f0b4        0x0 ./lib/./uCOS-II/Source/os_mutex.o
 .vfp11_veneer  0x0001f0b4        0x0 ./lib/./uCOS-II/Source/os_q.o
 .vfp11_veneer  0x0001f0b4        0x0 ./lib/./uCOS-II/Source/os_sem.o
 .vfp11_veneer  0x0001f0b4        0x0 ./lib/./uCOS-II/Source/os_task.o
 .vfp11_veneer  0x0001f0b4        0x0 ./lib/./uCOS-II/Source/os_time.o
 .vfp11_veneer  0x0001f0b4        0x0 ./lib/./uCOS-II/Source/os_tmr.o
 .vfp11_veneer  0x0001f0b4        0x0 ./lib/./STM32_USB-FS-Device_Driver/src/usb_core.o
 .vfp11_veneer  0x0001f0b4        0x0 ./lib/./STM32_USB-FS-Device_Driver/src/usb_init.o